<html>
<body>
<pre>
<h1>µVision Build Log</h1>
<h2>Tool Versions:</h2>
IDE-Version: ¶ÃVision V5.25.3.0
Copyright (C) 2018 ARM Ltd and ARM Germany GmbH. All rights reserved.
License Information: Q QQ, Q, LIC=MGX56-DEP2S-YBJE9-4JZA7-YTS5J-0J36B
 
Tool Versions:
Toolchain:       MDK-ARM Professional  Version: 5.18
Toolchain Path:  D:\Program Files\Keil\Keil5 MDK\ARM\ARMCC\Bin
C Compiler:      Armcc.exe V5.06 update 1 (build 61)
Assembler:       Armasm.exe V5.06 update 1 (build 61)
Linker/Locator:  ArmLink.exe V5.06 update 1 (build 61)
Library Manager: ArmAr.exe V5.06 update 1 (build 61)
Hex Converter:   FromElf.exe V5.06 update 1 (build 61)
CPU DLL:         SARMCM3.DLL V5.18
Dialog DLL:      DCM.DLL V1.13.6.0
Target DLL:      UL2CM3.DLL V1.157.5.0
Dialog DLL:      TCM.DLL V1.14.8.0
 
<h2>Project:</h2>
C:\Users\QQ\Desktop\KODOFlyÀƒ÷·\DragonFLY Control with Remote\DragonFLY Control with Remote\USER\Demo.uvprojx
Project File Date:  03/28/2022

<h2>Output:</h2>
*** Using Compiler 'V5.06 update 1 (build 61)', folder: 'D:\Program Files\Keil\Keil5 MDK\ARM\ARMCC\Bin'
Rebuild target 'DragonFly'
compiling spi.c...
compiling delay.c...
compiling main.c...
compiling stm32f4xx_it.c...
stm32f4xx_it.c(39): warning:  #550-D: variable "MVRxBuffer" was set but never used
  static uint8_t RxBuffer[30],MVRxBuffer[10];
stm32f4xx_it.c: 1 warning, 0 errors
compiling usart.c...
compiling timer.c...
compiling led.c...
compiling nrf2401.c...
compiling nvicconfig.c...
compiling iic_moni.c...
compiling system_stm32f4xx.c...
compiling exit.c...
compiling openmv.c...
compiling paramsave.c...
compiling power.c...
compiling fbm320.c...
compiling motor.c...
compiling filter.c...
compiling ICM20948.c...
..\DRIVER\src\ICM20948.c(115): warning:  #177-D: variable "whoami" was declared but never referenced
  	uint8_t whoami = 0xEA;
..\DRIVER\src\ICM20948.c: 1 warning, 0 errors
compiling mpu9250.c...
compiling imu.c...
compiling flash.c...
compiling control.c...
compiling spl06.c...
compiling misc.c...
compiling remotedata.c...
compiling stm32f4xx_crc.c...
compiling stm32f4xx_dsi.c...
compiling pid.c...
compiling stm32f4xx_exti.c...
compiling stm32f4xx_dac.c...
compiling ANO_DT.c...
compiling altitude.c...
compiling stm32f4xx_dma.c...
compiling stm32f4xx_adc.c...
compiling stm32f4xx_dbgmcu.c...
compiling stm32f4xx_flash.c...
compiling stm32f4xx_sdio.c...
compiling stm32f4xx_rtc.c...
compiling stm32f4xx_spi.c...
compiling stm32f4xx_sai.c...
compiling stm32f4xx_rcc.c...
compiling stm32f4xx_i2c.c...
compiling stm32f4xx_gpio.c...
compiling stm32f4xx_pwr.c...
compiling stm32f4xx_fmpi2c.c...
compiling stm32f4xx_iwdg.c...
compiling stm32f4xx_rng.c...
compiling stm32f4xx_syscfg.c...
assembling startup_stm32f411xe.s...
compiling stm32f4xx_usart.c...
compiling stm32f4xx_wwdg.c...
compiling stm32f4xx_tim.c...
linking...
Program Size: Code=34164 RO-data=1124 RW-data=808 ZI-data=3360  
FromELF: creating hex file...
".\Objects\Demo.axf" - 0 Error(s), 2 Warning(s).

<h2>Software Packages used:</h2>

Package Vendor: Keil
                http://www.keil.com/pack/Keil.STM32F4xx_DFP.2.11.0.pack
                Keil.STM32F4xx_DFP.2.11.0
                STMicroelectronics STM32F4 Series Device Support, Drivers and Examples

<h2>Collection of Component include folders:</h2>
  .\RTE\_DragonFly
  D:\Program Files\Keil\Keil5 MDK\ARM\PACK\Keil\STM32F4xx_DFP\2.11.0\Drivers\CMSIS\Device\ST\STM32F4xx\Include

<h2>Collection of Component Files used:</h2>
Build Time Elapsed:  00:00:14
</pre>
</body>
</html>
