Component: ARM Compiler 5.06 update 1 (build 61) Tool: armlink [4d35a8]

==============================================================================

Section Cross References

    main.o(i.main) refers to nvicconfig.o(i.NVIV_Config) for NVIV_Config
    main.o(i.main) refers to led.o(i.LED_Init) for LED_Init
    main.o(i.main) refers to delay.o(i.Delay_Init) for Delay_Init
    main.o(i.main) refers to usart.o(i.Usart1_Init) for Usart1_Init
    main.o(i.main) refers to usart.o(i.Usart2_Init) for Usart2_Init
    main.o(i.main) refers to iic_moni.o(i.IIC_Init) for IIC_Init
    main.o(i.main) refers to timer.o(i.TIM4_Init) for TIM4_Init
    main.o(i.main) refers to exit.o(i.Exti_Init) for Exti_Init
    main.o(i.main) refers to nrf2401.o(i.NRF24l01_Init) for NRF24l01_Init
    main.o(i.main) refers to mpu9250.o(i.MPU9250_Init) for MPU9250_Init
    main.o(i.main) refers to motor.o(i.MOTOR_Init) for MOTOR_Init
    main.o(i.main) refers to power.o(i.BATT_Init) for BATT_Init
    main.o(i.main) refers to power.o(i.WiFi_Switch) for WiFi_Switch
    main.o(i.main) refers to power.o(i.OpenMV_Switch) for OpenMV_Switch
    main.o(i.main) refers to paramsave.o(i.PID_ReadFlash) for PID_ReadFlash
    main.o(i.main) refers to pid.o(i.PidParameter_init) for PidParameter_init
    main.o(i.main) refers to led.o(i.RGB_LED_Off) for RGB_LED_Off
    main.o(i.main) refers to ano_dt.o(i.ANO_DT_Data_Exchange) for ANO_DT_Data_Exchange
    main.o(i.main) refers to imu.o(i.Prepare_Data) for Prepare_Data
    main.o(i.main) refers to imu.o(i.IMUupdate) for IMUupdate
    main.o(i.main) refers to control.o(i.Control) for Control
    main.o(i.main) refers to led.o(i.RunTimer_Test) for RunTimer_Test
    main.o(i.main) refers to spl06.o(i.spl06_update) for spl06_update
    main.o(i.main) refers to altitude.o(i.altitude_get) for altitude_get
    main.o(i.main) refers to led.o(i.LED_Run) for LED_Run
    main.o(i.main) refers to led.o(i.RGB_LED_Runing) for RGB_LED_Runing
    main.o(i.main) refers to led.o(i.WiFi_OFFON_LED) for WiFi_OFFON_LED
    main.o(i.main) refers to led.o(i.BATT_Alarm_LED) for BATT_Alarm_LED
    main.o(i.main) refers to remotedata.o(i.NRF_SingalCheck) for NRF_SingalCheck
    main.o(i.main) refers to remotedata.o(i.SendToRemote) for SendToRemote
    main.o(i.main) refers to nrf2401.o(i.NRF_GetAddr) for NRF_GetAddr
    main.o(i.main) refers to power.o(i.LowVoltage_Alarm) for LowVoltage_Alarm
    main.o(i.main) refers to stm32f4xx_it.o(.data) for ANO_Scan
    main.o(i.main) refers to imu.o(.bss) for Att_Angle
    main.o(i.main) refers to control.o(.data) for Airplane_Enable
    main.o(i.main) refers to remotedata.o(.data) for RC_Control
    main.o(i.main) refers to led.o(.data) for Run_flag
    stm32f4xx_it.o(i.TIM4_IRQHandler) refers to stm32f4xx_tim.o(i.TIM_GetITStatus) for TIM_GetITStatus
    stm32f4xx_it.o(i.TIM4_IRQHandler) refers to stm32f4xx_tim.o(i.TIM_ClearITPendingBit) for TIM_ClearITPendingBit
    stm32f4xx_it.o(i.TIM4_IRQHandler) refers to led.o(i.RunTimer_Test2) for RunTimer_Test2
    stm32f4xx_it.o(i.TIM4_IRQHandler) refers to stm32f4xx_it.o(.data) for ms2
    stm32f4xx_it.o(i.USART1_IRQHandler) refers to stm32f4xx_usart.o(i.USART_GetITStatus) for USART_GetITStatus
    stm32f4xx_it.o(i.USART1_IRQHandler) refers to ano_dt.o(i.ANO_DT_Data_Receive_Prepare) for ANO_DT_Data_Receive_Prepare
    stm32f4xx_it.o(i.USART1_IRQHandler) refers to stm32f4xx_usart.o(i.USART_ClearITPendingBit) for USART_ClearITPendingBit
    stm32f4xx_it.o(i.USART1_IRQHandler) refers to stm32f4xx_it.o(.data) for MVRxCounter
    stm32f4xx_it.o(i.USART1_IRQHandler) refers to stm32f4xx_it.o(.bss) for MVRxBuffer
    stm32f4xx_it.o(i.USART2_IRQHandler) refers to stm32f4xx_usart.o(i.USART_GetITStatus) for USART_GetITStatus
    stm32f4xx_it.o(i.USART2_IRQHandler) refers to ano_dt.o(i.ANO_DT_Data_Receive_Prepare) for ANO_DT_Data_Receive_Prepare
    stm32f4xx_it.o(i.USART2_IRQHandler) refers to remotedata.o(i.WiFi_Data_ReceiveAnalysis) for WiFi_Data_ReceiveAnalysis
    stm32f4xx_it.o(i.USART2_IRQHandler) refers to stm32f4xx_usart.o(i.USART_ClearITPendingBit) for USART_ClearITPendingBit
    stm32f4xx_it.o(i.USART2_IRQHandler) refers to stm32f4xx_it.o(.data) for RxCounter
    stm32f4xx_it.o(i.USART2_IRQHandler) refers to stm32f4xx_it.o(.bss) for RxBuffer
    system_stm32f4xx.o(i.SystemCoreClockUpdate) refers to system_stm32f4xx.o(.data) for SystemCoreClock
    system_stm32f4xx.o(i.SystemInit) refers to system_stm32f4xx.o(i.SetSysClock) for SetSysClock
    delay.o(i.Delay_Init) refers to misc.o(i.SysTick_CLKSourceConfig) for SysTick_CLKSourceConfig
    delay.o(i.Delay_Init) refers to system_stm32f4xx.o(.data) for SystemCoreClock
    delay.o(i.Delay_Init) refers to delay.o(.data) for fac_us
    delay.o(i.delay_ms) refers to delay.o(.data) for fac_ms
    delay.o(i.delay_us) refers to delay.o(.data) for fac_us
    exit.o(i.EXTI_GPIOConfig) refers to stm32f4xx_rcc.o(i.RCC_AHB1PeriphClockCmd) for RCC_AHB1PeriphClockCmd
[...]
    flag                                     0x2000027f   Data           1  filter.o(.data)
    cnt                                      0x20000280   Data           1  filter.o(.data)
    flag                                     0x20000281   Data           1  filter.o(.data)
    cnt                                      0x20000282   Data           1  filter.o(.data)
    flag                                     0x20000283   Data           1  filter.o(.data)
    cnt                                      0x20000284   Data           1  filter.o(.data)
    flag                                     0x20000285   Data           1  filter.o(.data)
    cnt                                      0x20000286   Data           1  filter.o(.data)
    flag                                     0x20000287   Data           1  filter.o(.data)
    cnt                                      0x20000288   Data           1  filter.o(.data)
    flag                                     0x20000289   Data           1  filter.o(.data)
    .data                                    0x2000028c   Section       33  imu.o(.data)
    IIR_mode                                 0x200002ac   Data           1  imu.o(.data)
    .data                                    0x200002b0   Section       28  control.o(.data)
    YAW                                      0x200002ca   Data           2  control.o(.data)
    .data                                    0x200002cc   Section       40  altitude.o(.data)
    w_z_baro                                 0x200002d8   Data           4  altitude.o(.data)
    w_z_acc                                  0x200002dc   Data           4  altitude.o(.data)
    w_acc_bias                               0x200002e0   Data           4  altitude.o(.data)
    .data                                    0x200002f4   Section        9  ano_dt.o(.data)
    status_cnt                               0x200002f5   Data           1  ano_dt.o(.data)
    senser_cnt                               0x200002f6   Data           1  ano_dt.o(.data)
    rcdata_cnt                               0x200002f7   Data           1  ano_dt.o(.data)
    motopwm_cnt                              0x200002f8   Data           1  ano_dt.o(.data)
    power_cnt                                0x200002f9   Data           1  ano_dt.o(.data)
    _data_len                                0x200002fa   Data           1  ano_dt.o(.data)
    _data_cnt                                0x200002fb   Data           1  ano_dt.o(.data)
    state                                    0x200002fc   Data           1  ano_dt.o(.data)
    .data                                    0x200002fe   Section       13  remotedata.o(.data)
    PreButton                                0x20000309   Data           1  remotedata.o(.data)
    PreDataID                                0x2000030a   Data           1  remotedata.o(.data)
    .data                                    0x2000030b   Section       16  stm32f4xx_rcc.o(.data)
    APBAHBPrescTable                         0x2000030b   Data          16  stm32f4xx_rcc.o(.data)
    .data                                    0x2000031c   Section        4  rand.o(.data)
    _rand_state                              0x2000031c   Data           4  rand.o(.data)
    .data                                    0x20000320   Section        4  stdout.o(.data)
    .data                                    0x20000324   Section        4  errno.o(.data)
    _errno                                   0x20000324   Data           4  errno.o(.data)
    .bss                                     0x20000328   Section       40  stm32f4xx_it.o(.bss)
    RxBuffer                                 0x20000328   Data          30  stm32f4xx_it.o(.bss)
    MVRxBuffer                               0x20000346   Data          10  stm32f4xx_it.o(.bss)
    .bss                                     0x20000350   Section       64  nrf2401.o(.bss)
    .bss                                     0x20000390   Section       64  fbm320.o(.bss)
    .bss                                     0x200003d0   Section       14  mpu9250.o(.bss)
    MPU9250_buff                             0x200003d0   Data          14  mpu9250.o(.bss)
    .bss                                     0x200003e0   Section     1280  filter.o(.bss)
    buf                                      0x200003e0   Data          80  filter.o(.bss)
    buf                                      0x20000430   Data          80  filter.o(.bss)
    bufx                                     0x20000480   Data          80  filter.o(.bss)
    bufy                                     0x200004d0   Data          80  filter.o(.bss)
    bufz                                     0x20000520   Data          80  filter.o(.bss)
    bufax                                    0x20000570   Data          80  filter.o(.bss)
    bufay                                    0x200005c0   Data          80  filter.o(.bss)
    bufaz                                    0x20000610   Data          80  filter.o(.bss)
    bufgx                                    0x20000660   Data          80  filter.o(.bss)
    bufgy                                    0x200006b0   Data          80  filter.o(.bss)
    bufgz                                    0x20000700   Data          80  filter.o(.bss)
    bufax                                    0x20000750   Data          80  filter.o(.bss)
    bufay                                    0x200007a0   Data          80  filter.o(.bss)
    bufaz                                    0x200007f0   Data          80  filter.o(.bss)
    buf                                      0x20000840   Data          80  filter.o(.bss)
    buf                                      0x20000890   Data          80  filter.o(.bss)
    .bss                                     0x200008e0   Section      120  imu.o(.bss)
    .bss                                     0x20000958   Section      504  control.o(.bss)
    .bss                                     0x20000b50   Section       62  paramsave.o(.bss)
    .bss                                     0x20000b90   Section       72  altitude.o(.bss)
    .bss                                     0x20000bd8   Section      110  ano_dt.o(.bss)
    RxBuffer                                 0x20000c14   Data          50  ano_dt.o(.bss)
    STACK                                    0x20000c48   Section     1024  startup_stm32f411xe.o(STACK)

    Global Symbols

    Symbol Name                              Value     Ov Type        Size  Object(Section)

    BuildAttributes$$THM_ISAv4$E$P$D$K$B$S$7EM$VFPi3$EXTD16$VFPS$VFMA$PE$A:L22UL41UL21$X:L11$S22US41US21$IEEE1$IW$USESV6$~STKCKD$USESV7$~SHL$OTIME$ROPI$IEEEX$EBA8$MICROLIB$REQ8$PRES8$EABIv2 0x00000000   Number         0  anon$$obj.o ABSOLUTE
    __ARM_use_no_argv                        0x00000000   Number         0  main.o ABSOLUTE
    _printf_a                                0x00000000   Number         0  stubs.o ABSOLUTE
    _printf_c                                0x00000000   Number         0  stubs.o ABSOLUTE
    _printf_charcount                        0x00000000   Number         0  stubs.o ABSOLUTE
    _printf_d                                0x00000000   Number         0  stubs.o ABSOLUTE
    _printf_e                                0x00000000   Number         0  stubs.o ABSOLUTE
    _printf_f                                0x00000000   Number         0  stubs.o ABSOLUTE
    _printf_flags                            0x00000000   Number         0  stubs.o ABSOLUTE
    _printf_fp_dec                           0x00000000   Number         0  stubs.o ABSOLUTE
    _printf_fp_hex                           0x00000000   Number         0  stubs.o ABSOLUTE
    _printf_g                                0x00000000   Number         0  stubs.o ABSOLUTE
    _printf_i                                0x00000000   Number         0  stubs.o ABSOLUTE
    _printf_int_dec                          0x00000000   Number         0  stubs.o ABSOLUTE
    _printf_l                                0x00000000   Number         0  stubs.o ABSOLUTE
    _printf_lc                               0x00000000   Number         0  stubs.o ABSOLUTE
    _printf_ll                               0x00000000   Number         0  stubs.o ABSOLUTE
    _printf_lld                              0x00000000   Number         0  stubs.o ABSOLUTE
    _printf_lli                              0x00000000   Number         0  stubs.o ABSOLUTE
    _printf_llo                              0x00000000   Number         0  stubs.o ABSOLUTE
    _printf_llu                              0x00000000   Number         0  stubs.o ABSOLUTE
    _printf_llx                              0x00000000   Number         0  stubs.o ABSOLUTE
    _printf_longlong_dec                     0x00000000   Number         0  stubs.o ABSOLUTE
    _printf_longlong_hex                     0x00000000   Number         0  stubs.o ABSOLUTE
    _printf_longlong_oct                     0x00000000   Number         0  stubs.o ABSOLUTE
    _printf_ls                               0x00000000   Number         0  stubs.o ABSOLUTE
    _printf_mbtowc                           0x00000000   Number         0  stubs.o ABSOLUTE
    _printf_n                                0x00000000   Number         0  stubs.o ABSOLUTE
    _printf_o                                0x00000000   Number         0  stubs.o ABSOLUTE
    _printf_p                                0x00000000   Number         0  stubs.o ABSOLUTE
    _printf_percent                          0x00000000   Number         0  stubs.o ABSOLUTE
    _printf_pre_padding                      0x00000000   Number         0  stubs.o ABSOLUTE
    _printf_return_value                     0x00000000   Number         0  stubs.o ABSOLUTE
    _printf_s                                0x00000000   Number         0  stubs.o ABSOLUTE
    _printf_sizespec                         0x00000000   Number         0  stubs.o ABSOLUTE
    _printf_str                              0x00000000   Number         0  stubs.o ABSOLUTE
    _printf_truncate_signed                  0x00000000   Number         0  stubs.o ABSOLUTE
    _printf_truncate_unsigned                0x00000000   Number         0  stubs.o ABSOLUTE
    _printf_u                                0x00000000   Number         0  stubs.o ABSOLUTE
    _printf_wc                               0x00000000   Number         0  stubs.o ABSOLUTE
    _printf_wctomb                           0x00000000   Number         0  stubs.o ABSOLUTE
    _printf_widthprec                        0x00000000   Number         0  stubs.o ABSOLUTE
    _printf_x                                0x00000000   Number         0  stubs.o ABSOLUTE
    __cpp_initialize__aeabi_                  - Undefined Weak Reference
    __cxa_finalize                            - Undefined Weak Reference
    _clock_init                               - Undefined Weak Reference
    _microlib_exit                            - Undefined Weak Reference
    __Vectors_Size                           0x00000198   Number         0  startup_stm32f411xe.o ABSOLUTE
    __Vectors                                0x08000000   Data           4  startup_stm32f411xe.o(RESET)
    __Vectors_End                            0x08000198   Data           0  startup_stm32f411xe.o(RESET)
    __main                                   0x08000199   Thumb Code     0  entry.o(.ARM.Collect$$$$00000000)
    _main_stk                                0x08000199   Thumb Code     0  entry2.o(.ARM.Collect$$$$00000001)
    _main_scatterload                        0x0800019d   Thumb Code     0  entry5.o(.ARM.Collect$$$$00000004)
    __main_after_scatterload                 0x080001a1   Thumb Code     0  entry5.o(.ARM.Collect$$$$00000004)
    _main_clock                              0x080001a1   Thumb Code     0  entry7b.o(.ARM.Collect$$$$00000008)
    _main_cpp_init                           0x080001a1   Thumb Code     0  entry8b.o(.ARM.Collect$$$$0000000A)
    _main_init                               0x080001a1   Thumb Code     0  entry9a.o(.ARM.Collect$$$$0000000B)
    __rt_final_cpp                           0x080001a9   Thumb Code     0  entry10a.o(.ARM.Collect$$$$0000000D)
    __rt_final_exit                          0x080001a9   Thumb Code     0  entry11a.o(.ARM.Collect$$$$0000000F)
    Reset_Handler                            0x080001ad   Thumb Code     8  startup_stm32f411xe.o(.text)
    SysTick_Handler                          0x080001c5   Thumb Code     2  startup_stm32f411xe.o(.text)
    ADC_IRQHandler                           0x080001c7   Thumb Code     0  startup_stm32f411xe.o(.text)
    DMA1_Stream0_IRQHandler                  0x080001c7   Thumb Code     0  startup_stm32f411xe.o(.text)
    DMA1_Stream1_IRQHandler                  0x080001c7   Thumb Code     0  startup_stm32f411xe.o(.text)
    DMA1_Stream2_IRQHandler                  0x080001c7   Thumb Code     0  startup_stm32f411xe.o(.text)
    DMA1_Stream3_IRQHandler                  0x080001c7   Thumb Code     0  startup_stm32f411xe.o(.text)
    DMA1_Stream4_IRQHandler                  0x080001c7   Thumb Code     0  startup_stm32f411xe.o(.text)
    DMA1_Stream5_IRQHandler                  0x080001c7   Thumb Code     0  startup_stm32f411xe.o(.text)
    DMA1_Stream6_IRQHandler                  0x080001c7   Thumb Code     0  startup_stm32f411xe.o(.text)
    DMA1_Stream7_IRQHandler                  0x080001c7   Thumb Code     0  startup_stm32f411xe.o(.text)
    DMA2_Stream0_IRQHandler                  0x080001c7   Thumb Code     0  startup_stm32f411xe.o(.text)
    DMA2_Stream1_IRQHandler                  0x080001c7   Thumb Code     0  startup_stm32f411xe.o(.text)
    DMA2_Stream2_IRQHandler                  0x080001c7   Thumb Code     0  startup_stm32f411xe.o(.text)
    DMA2_Stream3_IRQHandler                  0x080001c7   Thumb Code     0  startup_stm32f411xe.o(.text)
    DMA2_Stream4_IRQHandler                  0x080001c7   Thumb Code     0  startup_stm32f411xe.o(.text)
    DMA2_Stream5_IRQHandler                  0x080001c7   Thumb Code     0  startup_stm32f411xe.o(.text)
    DMA2_Stream6_IRQHandler                  0x080001c7   Thumb Code     0  startup_stm32f411xe.o(.text)
    DMA2_Stream7_IRQHandler                  0x080001c7   Thumb Code     0  startup_stm32f411xe.o(.text)
    EXTI0_IRQHandler                         0x080001c7   Thumb Code     0  startup_stm32f411xe.o(.text)
    EXTI15_10_IRQHandler                     0x080001c7   Thumb Code     0  startup_stm32f411xe.o(.text)
    EXTI1_IRQHandler                         0x080001c7   Thumb Code     0  startup_stm32f411xe.o(.text)
    EXTI3_IRQHandler                         0x080001c7   Thumb Code     0  startup_stm32f411xe.o(.text)
    EXTI4_IRQHandler                         0x080001c7   Thumb Code     0  startup_stm32f411xe.o(.text)
    EXTI9_5_IRQHandler                       0x080001c7   Thumb Code     0  startup_stm32f411xe.o(.text)
    FLASH_IRQHandler                         0x080001c7   Thumb Code     0  startup_stm32f411xe.o(.text)
    FPU_IRQHandler                           0x080001c7   Thumb Code     0  startup_stm32f411xe.o(.text)
    I2C1_ER_IRQHandler                       0x080001c7   Thumb Code     0  startup_stm32f411xe.o(.text)
    I2C1_EV_IRQHandler                       0x080001c7   Thumb Code     0  startup_stm32f411xe.o(.text)
    I2C2_ER_IRQHandler                       0x080001c7   Thumb Code     0  startup_stm32f411xe.o(.text)
    I2C2_EV_IRQHandler                       0x080001c7   Thumb Code     0  startup_stm32f411xe.o(.text)
    I2C3_ER_IRQHandler                       0x080001c7   Thumb Code     0  startup_stm32f411xe.o(.text)
    I2C3_EV_IRQHandler                       0x080001c7   Thumb Code     0  startup_stm32f411xe.o(.text)
    OTG_FS_IRQHandler                        0x080001c7   Thumb Code     0  startup_stm32f411xe.o(.text)
    OTG_FS_WKUP_IRQHandler                   0x080001c7   Thumb Code     0  startup_stm32f411xe.o(.text)
    PVD_IRQHandler                           0x080001c7   Thumb Code     0  startup_stm32f411xe.o(.text)
    RCC_IRQHandler                           0x080001c7   Thumb Code     0  startup_stm32f411xe.o(.text)
    RTC_Alarm_IRQHandler                     0x080001c7   Thumb Code     0  startup_stm32f411xe.o(.text)
    RTC_WKUP_IRQHandler                      0x080001c7   Thumb Code     0  startup_stm32f411xe.o(.text)
    SDIO_IRQHandler                          0x080001c7   Thumb Code     0  startup_stm32f411xe.o(.text)
    SPI1_IRQHandler                          0x080001c7   Thumb Code     0  startup_stm32f411xe.o(.text)
    SPI2_IRQHandler                          0x080001c7   Thumb Code     0  startup_stm32f411xe.o(.text)
    SPI3_IRQHandler                          0x080001c7   Thumb Code     0  startup_stm32f411xe.o(.text)
    SPI4_IRQHandler                          0x080001c7   Thumb Code     0  startup_stm32f411xe.o(.text)
    SPI5_IRQHandler                          0x080001c7   Thumb Code     0  startup_stm32f411xe.o(.text)
    TAMP_STAMP_IRQHandler                    0x080001c7   Thumb Code     0  startup_stm32f411xe.o(.text)
    TIM1_BRK_TIM9_IRQHandler                 0x080001c7   Thumb Code     0  startup_stm32f411xe.o(.text)
    TIM1_CC_IRQHandler                       0x080001c7   Thumb Code     0  startup_stm32f411xe.o(.text)
    TIM1_TRG_COM_TIM11_IRQHandler            0x080001c7   Thumb Code     0  startup_stm32f411xe.o(.text)
    TIM1_UP_TIM10_IRQHandler                 0x080001c7   Thumb Code     0  startup_stm32f411xe.o(.text)
    TIM2_IRQHandler                          0x080001c7   Thumb Code     0  startup_stm32f411xe.o(.text)
    TIM3_IRQHandler                          0x080001c7   Thumb Code     0  startup_stm32f411xe.o(.text)
    TIM5_IRQHandler                          0x080001c7   Thumb Code     0  startup_stm32f411xe.o(.text)
    USART6_IRQHandler                        0x080001c7   Thumb Code     0  startup_stm32f411xe.o(.text)
    WWDG_IRQHandler                          0x080001c7   Thumb Code     0  startup_stm32f411xe.o(.text)
    rand                                     0x080001d1   Thumb Code    20  rand.o(.text)
    srand                                    0x080001e5   Thumb Code     6  rand.o(.text)
    __aeabi_memcpy                           0x080001f5   Thumb Code    36  memcpya.o(.text)
    __aeabi_memcpy4                          0x080001f5   Thumb Code     0  memcpya.o(.text)
    __aeabi_memcpy8                          0x080001f5   Thumb Code     0  memcpya.o(.text)
    __aeabi_dadd                             0x08000219   Thumb Code   322  dadd.o(.text)
    __aeabi_dsub                             0x0800035b   Thumb Code     6  dadd.o(.text)
    __aeabi_drsub                            0x08000361   Thumb Code     6  dadd.o(.text)
    __aeabi_dmul                             0x08000367   Thumb Code   228  dmul.o(.text)
    __aeabi_ddiv                             0x0800044b   Thumb Code   222  ddiv.o(.text)
    __aeabi_i2d                              0x08000529   Thumb Code    34  dflti.o(.text)
    __aeabi_d2uiz                            0x0800054b   Thumb Code    50  dfixui.o(.text)
    __aeabi_f2d                              0x0800057d   Thumb Code    38  f2d.o(.text)
    __aeabi_cdcmpeq                          0x080005a5   Thumb Code     0  cdcmple.o(.text)
    __aeabi_cdcmple                          0x080005a5   Thumb Code    48  cdcmple.o(.text)
    __aeabi_d2f                              0x080005d5   Thumb Code    56  d2f.o(.text)
    __aeabi_uldivmod                         0x0800060d   Thumb Code    98  uldiv.o(.text)
    __aeabi_llsl                             0x0800066f   Thumb Code    30  llshl.o(.text)
    _ll_shift_l                              0x0800066f   Thumb Code     0  llshl.o(.text)
    __aeabi_llsr                             0x0800068d   Thumb Code    32  llushr.o(.text)
    _ll_ushift_r                             0x0800068d   Thumb Code     0  llushr.o(.text)
    __aeabi_lasr                             0x080006ad   Thumb Code    36  llsshr.o(.text)
    _ll_sshift_r                             0x080006ad   Thumb Code     0  llsshr.o(.text)
    __I$use$fp                               0x080006d1   Thumb Code     0  iusefp.o(.text)
    _float_round                             0x080006d1   Thumb Code    18  fepilogue.o(.text)
    _float_epilogue                          0x080006e3   Thumb Code    92  fepilogue.o(.text)
    _double_round                            0x0800073f   Thumb Code    30  depilogue.o(.text)
    _double_epilogue                         0x0800075d   Thumb Code   156  depilogue.o(.text)
    __fp_status                              0x080007f9   Thumb Code     4  fpstat.o(.text)
    __ieee_status                            0x080007f9   Thumb Code     0  fpstat.o(.text)
    __scatterload                            0x080007fd   Thumb Code    28  init.o(.text)
    __scatterload_rt2                        0x080007fd   Thumb Code     0  init.o(.text)
    _dsqrt                                   0x08000821   Thumb Code   162  dsqrt.o(.text)
    __decompress                             0x080008c3   Thumb Code     0  __dczerorl2.o(.text)
    __decompress1                            0x080008c3   Thumb Code    86  __dczerorl2.o(.text)
    ACC_Offset_LED                           0x08000919   Thumb Code    62  led.o(i.ACC_Offset_LED)
    ADC_Cmd                                  0x08000957   Thumb Code    22  stm32f4xx_adc.o(i.ADC_Cmd)
    ADC_CommonInit                           0x0800096d   Thumb Code    34  stm32f4xx_adc.o(i.ADC_CommonInit)
    ADC_GetConversionValue                   0x0800099d   Thumb Code     8  stm32f4xx_adc.o(i.ADC_GetConversionValue)
    ADC_GetFlagStatus                        0x080009a5   Thumb Code    18  stm32f4xx_adc.o(i.ADC_GetFlagStatus)
    ADC_Init                                 0x080009b9   Thumb Code    74  stm32f4xx_adc.o(i.ADC_Init)
    ADC_RegularChannelConfig                 0x08000a0d   Thumb Code   184  stm32f4xx_adc.o(i.ADC_RegularChannelConfig)
    ADC_SoftwareStartConv                    0x08000ac5   Thumb Code    10  stm32f4xx_adc.o(i.ADC_SoftwareStartConv)
    ANO_DT_Data_Exchange                     0x08000ad1   Thumb Code   912  ano_dt.o(i.ANO_DT_Data_Exchange)
    ANO_DT_Data_Receive_Anl                  0x08000ed5   Thumb Code  1470  ano_dt.o(i.ANO_DT_Data_Receive_Anl)
    ANO_DT_Data_Receive_Prepare              0x0800149d   Thumb Code   216  ano_dt.o(i.ANO_DT_Data_Receive_Prepare)
    ANO_DT_Send_Data                         0x080015cd   Thumb Code    16  ano_dt.o(i.ANO_DT_Send_Data)
    ANO_DT_Send_PID                          0x080015dd   Thumb Code   562  ano_dt.o(i.ANO_DT_Send_PID)
    ANO_DT_Send_Power                        0x08001819   Thumb Code   142  ano_dt.o(i.ANO_DT_Send_Power)
    ANO_DT_Send_Senser                       0x080018ad   Thumb Code   374  ano_dt.o(i.ANO_DT_Send_Senser)
    ANO_DT_Send_Status                       0x08001a29   Thumb Code   336  ano_dt.o(i.ANO_DT_Send_Status)
    Aver_Filter                              0x08001b81   Thumb Code   122  filter.o(i.Aver_Filter)
    BATT_Alarm_LED                           0x08001c0d   Thumb Code    38  led.o(i.BATT_Alarm_LED)
    BATT_GetVoltage                          0x08001c3d   Thumb Code    88  power.o(i.BATT_GetVoltage)
    BATT_Init                                0x08001c9d   Thumb Code   194  power.o(i.BATT_Init)
    BusFault_Handler                         0x08001d6d   Thumb Code     4  stm32f4xx_it.o(i.BusFault_Handler)
    Button_command                           0x08001d71   Thumb Code   210  remotedata.o(i.Button_command)
    Control                                  0x08001e59   Thumb Code   720  control.o(i.Control)
    Data_Send_Filter                         0x08002171   Thumb Code   632  ano_dt.o(i.Data_Send_Filter)
    DebugMon_Handler                         0x08002401   Thumb Code     2  stm32f4xx_it.o(i.DebugMon_Handler)
    DefaultParams                            0x08002405   Thumb Code   124  paramsave.o(i.DefaultParams)
    DefaultParams_WriteFlash                 0x08002485   Thumb Code    50  paramsave.o(i.DefaultParams_WriteFlash)
    Delay_Init                               0x080024c1   Thumb Code    50  delay.o(i.Delay_Init)
    EXTI2_IRQHandler                         0x08002505   Thumb Code   124  nrf2401.o(i.EXTI2_IRQHandler)
    EXTI_ClearITPendingBit                   0x08002589   Thumb Code     6  stm32f4xx_exti.o(i.EXTI_ClearITPendingBit)
    EXTI_DeInit                              0x08002595   Thumb Code    28  stm32f4xx_exti.o(i.EXTI_DeInit)
    EXTI_GPIOConfig                          0x080025b9   Thumb Code    42  exit.o(i.EXTI_GPIOConfig)
    EXTI_GetITStatus                         0x080025e9   Thumb Code    20  stm32f4xx_exti.o(i.EXTI_GetITStatus)
    EXTI_Init                                0x08002601   Thumb Code   142  stm32f4xx_exti.o(i.EXTI_Init)
    Exti_Init                                0x08002695   Thumb Code    64  exit.o(i.Exti_Init)
    FLASH_DataCacheCmd                       0x080026d5   Thumb Code    30  stm32f4xx_flash.o(i.FLASH_DataCacheCmd)
    FLASH_EraseSector                        0x080026f9   Thumb Code   130  stm32f4xx_flash.o(i.FLASH_EraseSector)
    FLASH_GetStatus                          0x08002781   Thumb Code    80  stm32f4xx_flash.o(i.FLASH_GetStatus)
    FLASH_Lock                               0x080027d5   Thumb Code    14  stm32f4xx_flash.o(i.FLASH_Lock)
    FLASH_ProgramWord                        0x080027e9   Thumb Code    74  stm32f4xx_flash.o(i.FLASH_ProgramWord)
    FLASH_Unlock                             0x08002839   Thumb Code    24  stm32f4xx_flash.o(i.FLASH_Unlock)
    FLASH_WaitForLastOperation               0x0800285d   Thumb Code    34  stm32f4xx_flash.o(i.FLASH_WaitForLastOperation)
    FindPos                                  0x0800287f   Thumb Code   120  filter.o(i.FindPos)
    GPIO_Init                                0x080028f7   Thumb Code   144  stm32f4xx_gpio.o(i.GPIO_Init)
    GPIO_PinAFConfig                         0x08002987   Thumb Code    70  stm32f4xx_gpio.o(i.GPIO_PinAFConfig)
    GPIO_ResetBits                           0x080029cd   Thumb Code     4  stm32f4xx_gpio.o(i.GPIO_ResetBits)
    GPIO_SetBits                             0x080029d1   Thumb Code     4  stm32f4xx_gpio.o(i.GPIO_SetBits)
    GYRO_Offset_LED                          0x080029d5   Thumb Code    62  led.o(i.GYRO_Offset_LED)
    Get_BatteryAdc                           0x08002a15   Thumb Code    44  power.o(i.Get_BatteryAdc)
    HardFault_Handler                        0x08002a45   Thumb Code     4  stm32f4xx_it.o(i.HardFault_Handler)
    IIC_Ack                                  0x08002a49   Thumb Code   220  iic_moni.o(i.IIC_Ack)
    IIC_Init                                 0x08002b39   Thumb Code   108  iic_moni.o(i.IIC_Init)
    IIC_NAck                                 0x08002ba9   Thumb Code   224  iic_moni.o(i.IIC_NAck)
    IIC_ReadByte                             0x08002c9d   Thumb Code   242  iic_moni.o(i.IIC_ReadByte)
    IIC_ReadByteFromSlave                    0x08002da5   Thumb Code    84  iic_moni.o(i.IIC_ReadByteFromSlave)
    IIC_ReadMultByteFromSlave                0x08002df9   Thumb Code   124  iic_moni.o(i.IIC_ReadMultByteFromSlave)
    IIC_SendByte                             0x08002e75   Thumb Code   270  iic_moni.o(i.IIC_SendByte)
    IIC_Start                                0x08002f99   Thumb Code   218  iic_moni.o(i.IIC_Start)
    IIC_Stop                                 0x08003089   Thumb Code   212  iic_moni.o(i.IIC_Stop)
    IIC_WaitAck                              0x08003171   Thumb Code   244  iic_moni.o(i.IIC_WaitAck)
    IIC_WriteByteToSlave                     0x08003279   Thumb Code    76  iic_moni.o(i.IIC_WriteByteToSlave)
    IMUupdate                                0x080032c5   Thumb Code  1346  imu.o(i.IMUupdate)
    LED_Init                                 0x0800381d   Thumb Code    96  led.o(i.LED_Init)
    LED_Run                                  0x08003885   Thumb Code    42  led.o(i.LED_Run)
    LED_Set_Byte                             0x080038b9   Thumb Code    38  led.o(i.LED_Set_Byte)
    LowVoltage_Alarm                         0x080038e1   Thumb Code   146  power.o(i.LowVoltage_Alarm)
    MOTOR_Init                               0x08003991   Thumb Code   180  motor.o(i.MOTOR_Init)
    MPU9250_Check                            0x08003a49   Thumb Code    24  mpu9250.o(i.MPU9250_Check)
    MPU9250_Init                             0x08003a7d   Thumb Code    86  mpu9250.o(i.MPU9250_Init)
    MPU9250_OffSet                           0x08003ad5   Thumb Code   176  mpu9250.o(i.MPU9250_OffSet)
    MPU9250_Offset                           0x08003b95   Thumb Code   274  mpu9250.o(i.MPU9250_Offset)
    MPU9250_Read                             0x08003cc1   Thumb Code    14  mpu9250.o(i.MPU9250_Read)
    MPU9250_ReadByte                         0x08003cd5   Thumb Code    26  mpu9250.o(i.MPU9250_ReadByte)
    MPU9250_ReadMultBytes                    0x08003cef   Thumb Code    30  mpu9250.o(i.MPU9250_ReadMultBytes)
    MPU9250_WriteByte                        0x08003d0d   Thumb Code    26  mpu9250.o(i.MPU9250_WriteByte)
    MPU9250_getDeviceID                      0x08003d27   Thumb Code    16  mpu9250.o(i.MPU9250_getDeviceID)
    MPU9250_testConnection                   0x08003d37   Thumb Code    18  mpu9250.o(i.MPU9250_testConnection)
    MemManage_Handler                        0x08003d49   Thumb Code     4  stm32f4xx_it.o(i.MemManage_Handler)
    Moto_Pwm                                 0x08003d4d   Thumb Code    84  motor.o(i.Moto_Pwm)
    NMI_Handler                              0x08003da5   Thumb Code     2  stm32f4xx_it.o(i.NMI_Handler)
    NRF24L01_Check                           0x08003da9   Thumb Code    24  nrf2401.o(i.NRF24L01_Check)
    NRF24L01_Config                          0x08003ddd   Thumb Code   120  nrf2401.o(i.NRF24L01_Config)
    NRF24L01_Read_Buf                        0x08003e61   Thumb Code    72  nrf2401.o(i.NRF24L01_Read_Buf)
    NRF24L01_RxPacket                        0x08003ead   Thumb Code    48  nrf2401.o(i.NRF24L01_RxPacket)
    NRF24L01_TxPacket                        0x08003ee1   Thumb Code    82  nrf2401.o(i.NRF24L01_TxPacket)
    NRF24L01_Write_Buf                       0x08003f3d   Thumb Code    70  nrf2401.o(i.NRF24L01_Write_Buf)
    NRF24L01_testConnection                  0x08003f89   Thumb Code    66  nrf2401.o(i.NRF24L01_testConnection)
    NRF24l01_Init                            0x08003fd5   Thumb Code   118  nrf2401.o(i.NRF24l01_Init)
    NRF24l01_read_reg                        0x08004055   Thumb Code    50  nrf2401.o(i.NRF24l01_read_reg)
    NRF24l01_write_reg                       0x0800408d   Thumb Code    52  nrf2401.o(i.NRF24l01_write_reg)
    NRF_GetAddr                              0x080040c5   Thumb Code    78  nrf2401.o(i.NRF_GetAddr)
    NRF_SingalCheck                          0x08004121   Thumb Code    62  remotedata.o(i.NRF_SingalCheck)
    NRFset_Mode                              0x08004175   Thumb Code    98  nrf2401.o(i.NRFset_Mode)
    NVIC_Init                                0x080041dd   Thumb Code   106  misc.o(i.NVIC_Init)
    NVIC_PriorityGroupConfig                 0x08004255   Thumb Code    10  misc.o(i.NVIC_PriorityGroupConfig)
    NVIV_Config                              0x08004269   Thumb Code   124  nvicconfig.o(i.NVIV_Config)
    OneNET_LED                               0x080042e5   Thumb Code    30  led.o(i.OneNET_LED)
    OpenMV_Switch                            0x08004305   Thumb Code    30  power.o(i.OpenMV_Switch)
    PID_Postion_Cal                          0x08004329   Thumb Code   272  pid.o(i.PID_Postion_Cal)
    PID_ReadFlash                            0x08004445   Thumb Code    96  paramsave.o(i.PID_ReadFlash)
    PID_WriteFlash                           0x080044d9   Thumb Code    50  paramsave.o(i.PID_WriteFlash)
    ParamsToTable                            0x08004515   Thumb Code   622  paramsave.o(i.ParamsToTable)
    PendSV_Handler                           0x080047b9   Thumb Code     2  stm32f4xx_it.o(i.PendSV_Handler)
    PidParameter_init                        0x080047bd   Thumb Code   210  pid.o(i.PidParameter_init)
    Prepare_Data                             0x080048d5   Thumb Code   406  imu.o(i.Prepare_Data)
    QuiteSort                                0x08004aa1   Thumb Code    52  filter.o(i.QuiteSort)
    RCC_AHB1PeriphClockCmd                   0x08004ad5   Thumb Code    26  stm32f4xx_rcc.o(i.RCC_AHB1PeriphClockCmd)
    RCC_APB1PeriphClockCmd                   0x08004af5   Thumb Code    26  stm32f4xx_rcc.o(i.RCC_APB1PeriphClockCmd)
    RCC_APB1PeriphResetCmd                   0x08004b15   Thumb Code    26  stm32f4xx_rcc.o(i.RCC_APB1PeriphResetCmd)
    RCC_APB2PeriphClockCmd                   0x08004b35   Thumb Code    26  stm32f4xx_rcc.o(i.RCC_APB2PeriphClockCmd)
    RCC_APB2PeriphResetCmd                   0x08004b55   Thumb Code    26  stm32f4xx_rcc.o(i.RCC_APB2PeriphResetCmd)
    RCC_GetClocksFreq                        0x08004b75   Thumb Code   214  stm32f4xx_rcc.o(i.RCC_GetClocksFreq)
    RGB_LED_Blue                             0x08004c5d   Thumb Code    26  led.o(i.RGB_LED_Blue)
    RGB_LED_Colour_Set                       0x08004c77   Thumb Code    28  led.o(i.RGB_LED_Colour_Set)
    RGB_LED_Cyan                             0x08004c93   Thumb Code    26  led.o(i.RGB_LED_Cyan)
    RGB_LED_FLY                              0x08004cad   Thumb Code    42  led.o(i.RGB_LED_FLY)
    RGB_LED_Off                              0x08004cd7   Thumb Code    26  led.o(i.RGB_LED_Off)
    RGB_LED_Red                              0x08004cf1   Thumb Code    26  led.o(i.RGB_LED_Red)
    RGB_LED_Runing                           0x08004d0d   Thumb Code   164  led.o(i.RGB_LED_Runing)
    RGB_LED_green                            0x08004dc1   Thumb Code    26  led.o(i.RGB_LED_green)
    Remote_Data_ReceiveAnalysis              0x08004ddd   Thumb Code   132  remotedata.o(i.Remote_Data_ReceiveAnalysis)
    RunTimer_Test                            0x08004e71   Thumb Code    42  led.o(i.RunTimer_Test)
    RunTimer_Test2                           0x08004ea5   Thumb Code    42  led.o(i.RunTimer_Test2)
    SPI2_Init                                0x08004ed9   Thumb Code   196  spi.o(i.SPI2_Init)
    SPI2_WriteReadByte                       0x08004fa5   Thumb Code    50  spi.o(i.SPI2_WriteReadByte)
    SPI_Cmd                                  0x08004fdd   Thumb Code    24  stm32f4xx_spi.o(i.SPI_Cmd)
    SPI_I2S_GetFlagStatus                    0x08004ff5   Thumb Code    18  stm32f4xx_spi.o(i.SPI_I2S_GetFlagStatus)
    SPI_I2S_ReceiveData                      0x08005007   Thumb Code     6  stm32f4xx_spi.o(i.SPI_I2S_ReceiveData)
    SPI_I2S_SendData                         0x0800500d   Thumb Code     4  stm32f4xx_spi.o(i.SPI_I2S_SendData)
    SPI_Init                                 0x08005011   Thumb Code    60  stm32f4xx_spi.o(i.SPI_Init)
    STMFLASH_GetFlashSector                  0x0800504d   Thumb Code    76  flash.o(i.STMFLASH_GetFlashSector)
    STMFLASH_Read                            0x080050b5   Thumb Code    32  flash.o(i.STMFLASH_Read)
    STMFLASH_ReadWord                        0x080050d5   Thumb Code     6  flash.o(i.STMFLASH_ReadWord)
    STMFLASH_Write                           0x080050dd   Thumb Code   146  flash.o(i.STMFLASH_Write)
    SVC_Handler                              0x08005175   Thumb Code     2  stm32f4xx_it.o(i.SVC_Handler)
    SYSCFG_EXTILineConfig                    0x08005179   Thumb Code    60  stm32f4xx_syscfg.o(i.SYSCFG_EXTILineConfig)
    SendToRemote                             0x080051b9   Thumb Code   268  remotedata.o(i.SendToRemote)
    SortAver_FilterXYZ                       0x080053cd   Thumb Code   316  filter.o(i.SortAver_FilterXYZ)
    SysTick_CLKSourceConfig                  0x08005521   Thumb Code    40  misc.o(i.SysTick_CLKSourceConfig)
    SystemInit                               0x08005549   Thumb Code    88  system_stm32f4xx.o(i.SystemInit)
    TIM3_GpioConfig                          0x080055b1   Thumb Code   108  motor.o(i.TIM3_GpioConfig)
    TIM4_IRQHandler                          0x08005625   Thumb Code   210  stm32f4xx_it.o(i.TIM4_IRQHandler)
    TIM4_Init                                0x0800572d   Thumb Code    60  timer.o(i.TIM4_Init)
    TIM_ARRPreloadConfig                     0x0800576d   Thumb Code    24  stm32f4xx_tim.o(i.TIM_ARRPreloadConfig)
    TIM_ClearITPendingBit                    0x08005785   Thumb Code     6  stm32f4xx_tim.o(i.TIM_ClearITPendingBit)
    TIM_Cmd                                  0x0800578b   Thumb Code    24  stm32f4xx_tim.o(i.TIM_Cmd)
    TIM_GetITStatus                          0x080057a3   Thumb Code    34  stm32f4xx_tim.o(i.TIM_GetITStatus)
    TIM_ITConfig                             0x080057c5   Thumb Code    18  stm32f4xx_tim.o(i.TIM_ITConfig)
    TIM_OC1Init                              0x080057d9   Thumb Code   114  stm32f4xx_tim.o(i.TIM_OC1Init)
    TIM_OC1PreloadConfig                     0x08005855   Thumb Code    18  stm32f4xx_tim.o(i.TIM_OC1PreloadConfig)
    TIM_OC2Init                              0x08005869   Thumb Code   154  stm32f4xx_tim.o(i.TIM_OC2Init)
    TIM_OC2PreloadConfig                     0x0800590d   Thumb Code    26  stm32f4xx_tim.o(i.TIM_OC2PreloadConfig)
    TIM_OC3Init                              0x08005929   Thumb Code   150  stm32f4xx_tim.o(i.TIM_OC3Init)
    TIM_OC3PreloadConfig                     0x080059c9   Thumb Code    18  stm32f4xx_tim.o(i.TIM_OC3PreloadConfig)
    TIM_OC4Init                              0x080059dd   Thumb Code   112  stm32f4xx_tim.o(i.TIM_OC4Init)
    TIM_OC4PreloadConfig                     0x08005a55   Thumb Code    26  stm32f4xx_tim.o(i.TIM_OC4PreloadConfig)
    TIM_TimeBaseInit                         0x08005a71   Thumb Code   104  stm32f4xx_tim.o(i.TIM_TimeBaseInit)
    TableToParams                            0x08005af5   Thumb Code   688  paramsave.o(i.TableToParams)
    USART1_IRQHandler                        0x08005dd9   Thumb Code    88  stm32f4xx_it.o(i.USART1_IRQHandler)
    USART2_IRQHandler                        0x08005e3d   Thumb Code   106  stm32f4xx_it.o(i.USART2_IRQHandler)
    USART_ClearITPendingBit                  0x08005eb5   Thumb Code    30  stm32f4xx_usart.o(i.USART_ClearITPendingBit)
    USART_Cmd                                0x08005ed3   Thumb Code    24  stm32f4xx_usart.o(i.USART_Cmd)
    USART_DeInit                             0x08005eed   Thumb Code   206  stm32f4xx_usart.o(i.USART_DeInit)
    USART_GetFlagStatus                      0x08005fdd   Thumb Code    26  stm32f4xx_usart.o(i.USART_GetFlagStatus)
    USART_GetITStatus                        0x08005ff7   Thumb Code    84  stm32f4xx_usart.o(i.USART_GetITStatus)
    USART_ITConfig                           0x0800604b   Thumb Code    74  stm32f4xx_usart.o(i.USART_ITConfig)
    USART_Init                               0x08006095   Thumb Code   204  stm32f4xx_usart.o(i.USART_Init)
    USART_SendData                           0x08006169   Thumb Code     8  stm32f4xx_usart.o(i.USART_SendData)
    UnControl_Land                           0x08006171   Thumb Code    28  remotedata.o(i.UnControl_Land)
    UsageFault_Handler                       0x08006191   Thumb Code     4  stm32f4xx_it.o(i.UsageFault_Handler)
    Usart1_Init                              0x08006195   Thumb Code   166  usart.o(i.Usart1_Init)
    Usart2_Init                              0x08006245   Thumb Code   164  usart.o(i.Usart2_Init)
    Usart_Send                               0x080062f1   Thumb Code    42  usart.o(i.Usart_Send)
    WiFi_Data_ReceiveAnalysis                0x08006321   Thumb Code   266  remotedata.o(i.WiFi_Data_ReceiveAnalysis)
    WiFi_OFFON_LED                           0x08006441   Thumb Code   154  led.o(i.WiFi_OFFON_LED)
    WiFi_Switch                              0x080064ed   Thumb Code    42  power.o(i.WiFi_Switch)
    Write0                                   0x0800651d   Thumb Code    64  led.o(i.Write0)
    Write1                                   0x08006561   Thumb Code    66  led.o(i.Write1)
    Yaw_Carefree                             0x080065a9   Thumb Code   146  control.o(i.Yaw_Carefree)
    __0printf$5                              0x08006645   Thumb Code    22  printf5.o(i.__0printf$5)
    __1printf$5                              0x08006645   Thumb Code     0  printf5.o(i.__0printf$5)
    __2printf                                0x08006645   Thumb Code     0  printf5.o(i.__0printf$5)
    __ARM_fpclassify                         0x08006665   Thumb Code    48  fpclassify.o(i.__ARM_fpclassify)
    __ARM_fpclassifyf                        0x08006695   Thumb Code    38  fpclassifyf.o(i.__ARM_fpclassifyf)
    __hardfp_asin                            0x080066c1   Thumb Code   770  asin.o(i.__hardfp_asin)
    __hardfp_atan                            0x08006a21   Thumb Code   622  atan.o(i.__hardfp_atan)
    __hardfp_atan2                           0x08006cf9   Thumb Code   432  atan2.o(i.__hardfp_atan2)
    __hardfp_cosf                            0x08006ee9   Thumb Code   280  cosf.o(i.__hardfp_cosf)
    __hardfp_fabs                            0x08007039   Thumb Code    20  fabs.o(i.__hardfp_fabs)
    __hardfp_log                             0x08007051   Thumb Code   872  log.o(i.__hardfp_log)
    __hardfp_powf                            0x08007415   Thumb Code  1606  powf.o(i.__hardfp_powf)
    __mathlib_powf                           0x08007415   Thumb Code     0  powf.o(i.__hardfp_powf)
    __hardfp_sinf                            0x08007a79   Thumb Code   344  sinf.o(i.__hardfp_sinf)
    __kernel_poly                            0x08007c09   Thumb Code   248  poly.o(i.__kernel_poly)
    __mathlib_dbl_divzero                    0x08007d01   Thumb Code    28  dunder.o(i.__mathlib_dbl_divzero)
    __mathlib_dbl_infnan                     0x08007d31   Thumb Code    20  dunder.o(i.__mathlib_dbl_infnan)
    __mathlib_dbl_infnan2                    0x08007d45   Thumb Code    20  dunder.o(i.__mathlib_dbl_infnan2)
    __mathlib_dbl_invalid                    0x08007d59   Thumb Code    24  dunder.o(i.__mathlib_dbl_invalid)
    __mathlib_dbl_underflow                  0x08007d79   Thumb Code    24  dunder.o(i.__mathlib_dbl_underflow)
    __mathlib_flt_divzero                    0x08007d99   Thumb Code    14  funder.o(i.__mathlib_flt_divzero)
    __mathlib_flt_infnan                     0x08007dad   Thumb Code     6  funder.o(i.__mathlib_flt_infnan)
    __mathlib_flt_infnan2                    0x08007db3   Thumb Code     6  funder.o(i.__mathlib_flt_infnan2)
    __mathlib_flt_invalid                    0x08007db9   Thumb Code    10  funder.o(i.__mathlib_flt_invalid)
    __mathlib_flt_overflow                   0x08007dc9   Thumb Code    10  funder.o(i.__mathlib_flt_overflow)
    __mathlib_flt_underflow                  0x08007dd9   Thumb Code    10  funder.o(i.__mathlib_flt_underflow)
    __mathlib_rredf2                         0x08007de9   Thumb Code   316  rredf.o(i.__mathlib_rredf2)
    __scatterload_copy                       0x08007f3d   Thumb Code    14  handlers.o(i.__scatterload_copy)
    __scatterload_null                       0x08007f4b   Thumb Code     2  handlers.o(i.__scatterload_null)
    __scatterload_zeroinit                   0x08007f4d   Thumb Code    14  handlers.o(i.__scatterload_zeroinit)
    __set_errno                              0x08007f5d   Thumb Code     6  errno.o(i.__set_errno)
    altitude_get                             0x08008229   Thumb Code    92  altitude.o(i.altitude_get)
    atan                                     0x0800829d   Thumb Code    16  atan.o(i.atan)
    delay_ms                                 0x080082ad   Thumb Code    66  delay.o(i.delay_ms)
    delay_us                                 0x080082f5   Thumb Code    66  delay.o(i.delay_us)
    fabs                                     0x0800833d   Thumb Code    24  fabs.o(i.fabs)
    fputc                                    0x08008355   Thumb Code    32  usart.o(i.fputc)
    main                                     0x080083b5   Thumb Code   238  main.o(i.main)
    spl06_get_pressure_adc                   0x080084d5   Thumb Code    52  spl06.o(i.spl06_get_pressure_adc)
    spl06_get_temperature_adc                0x08008509   Thumb Code    36  spl06.o(i.spl06_get_temperature_adc)
    spl06_read_buffer                        0x0800852d   Thumb Code    30  spl06.o(i.spl06_read_buffer)
    spl06_update                             0x0800854d   Thumb Code    44  spl06.o(i.spl06_update)
    spl06_update_pressure                    0x08008581   Thumb Code   224  spl06.o(i.spl06_update_pressure)
    sqrt                                     0x0800869d   Thumb Code   110  sqrt.o(i.sqrt)
    __mathlib_zero                           0x08008990   Data           8  qnan.o(.constdata)
    Region$$Table$$Base                      0x080089b8   Number         0  anon$$obj.o(Region$$Table)
    Region$$Table$$Limit                     0x080089d8   Number         0  anon$$obj.o(Region$$Table)
    LED_Scan                                 0x20000002   Data           1  stm32f4xx_it.o(.data)
    IMU_Scan                                 0x20000003   Data           1  stm32f4xx_it.o(.data)
    MPU_Scan                                 0x20000004   Data           1  stm32f4xx_it.o(.data)
    IRQ_Scan                                 0x20000005   Data           1  stm32f4xx_it.o(.data)
    Batt_Scan                                0x20000006   Data           1  stm32f4xx_it.o(.data)
    ANO_Scan                                 0x20000007   Data           1  stm32f4xx_it.o(.data)
    SystemCoreClock                          0x20000014   Data           4  system_stm32f4xx.o(.data)
    AHBPrescTable                            0x20000018   Data          16  system_stm32f4xx.o(.data)
    Run_flag                                 0x200001f0   Data           1  led.o(.data)
    NRFaddr                                  0x200001fb   Data           1  nrf2401.o(.data)
    TX_ADDRESS                               0x200001fc   Data           5  nrf2401.o(.data)
    RX_ADDRESS                               0x20000201   Data           5  nrf2401.o(.data)
    GYRO_OFFSET_RAW                          0x20000208   Data           6  mpu9250.o(.data)
    ACC_OFFSET_RAW                           0x2000020e   Data           6  mpu9250.o(.data)
    MPU9250_ACC_RAW                          0x20000214   Data           6  mpu9250.o(.data)
    MPU9250_GYRO_RAW                         0x2000021a   Data           6  mpu9250.o(.data)
    SENSER_OFFSET_FLAG                       0x20000220   Data           1  mpu9250.o(.data)
    BAT                                      0x20000234   Data          20  power.o(.data)
    BATT_LEDflag                             0x20000248   Data           1  power.o(.data)
    C0                                       0x2000024c   Data           2  spl06.o(.data)
    C1                                       0x2000024e   Data           2  spl06.o(.data)
    C00                                      0x20000250   Data           4  spl06.o(.data)
    C10                                      0x20000254   Data           4  spl06.o(.data)
    C01                                      0x20000258   Data           2  spl06.o(.data)
    C11                                      0x2000025a   Data           2  spl06.o(.data)
    C20                                      0x2000025c   Data           2  spl06.o(.data)
    C21                                      0x2000025e   Data           2  spl06.o(.data)
    C30                                      0x20000260   Data           2  spl06.o(.data)
    raw_temp                                 0x20000264   Data           4  spl06.o(.data)
    raw_press                                0x20000268   Data           4  spl06.o(.data)
    _kT                                      0x2000026c   Data           4  spl06.o(.data)
    _kP                                      0x20000270   Data           4  spl06.o(.data)
    temp                                     0x20000274   Data           4  spl06.o(.data)
    press                                    0x20000278   Data           4  spl06.o(.data)
    AccbUpdate                               0x2000028c   Data           1  imu.o(.data)
    q0                                       0x20000290   Data           4  imu.o(.data)
    q1                                       0x20000294   Data           4  imu.o(.data)
    q2                                       0x20000298   Data           4  imu.o(.data)
    q3                                       0x2000029c   Data           4  imu.o(.data)
    exInt                                    0x200002a0   Data           4  imu.o(.data)
    eyInt                                    0x200002a4   Data           4  imu.o(.data)
    ezInt                                    0x200002a8   Data           4  imu.o(.data)
    Pre_THROTTLE                             0x200002b0   Data           4  control.o(.data)
    THROTTLE                                 0x200002b4   Data           4  control.o(.data)
    Moto_PWM_1                               0x200002b8   Data           4  control.o(.data)
    Moto_PWM_2                               0x200002bc   Data           4  control.o(.data)
    Moto_PWM_3                               0x200002c0   Data           4  control.o(.data)
    Moto_PWM_4                               0x200002c4   Data           4  control.o(.data)
    WiFi_Controlflag                         0x200002c8   Data           1  control.o(.data)
    Airplane_Enable                          0x200002c9   Data           1  control.o(.data)
    Altitude_mode                            0x200002cc   Data           1  altitude.o(.data)
    Altitude                                 0x200002d0   Data           4  altitude.o(.data)
    height                                   0x200002d4   Data           4  altitude.o(.data)
    accel_NED                                0x200002e4   Data          12  altitude.o(.data)
    corr_baro                                0x200002f0   Data           4  altitude.o(.data)
    flag                                     0x200002f4   Data           1  ano_dt.o(.data)
    DataID                                   0x200002fe   Data           1  remotedata.o(.data)
    RC_Control                               0x20000300   Data           8  remotedata.o(.data)
    WiFi_LEDflag                             0x20000308   Data           1  remotedata.o(.data)
    __stdout                                 0x20000320   Data           4  stdout.o(.data)
    NRF_TX_DATA                              0x20000350   Data          32  nrf2401.o(.bss)
    NRF_RX_DATA                              0x20000370   Data          32  nrf2401.o(.bss)
    FBM                                      0x20000390   Data          64  fbm320.o(.bss)
    Att_Angle                                0x200008e0   Data          12  imu.o(.bss)
    Gyr_rad                                  0x200008ec   Data          12  imu.o(.bss)
    Gyr_radold                               0x200008f8   Data          12  imu.o(.bss)
    Acc_filt                                 0x20000904   Data          12  imu.o(.bss)
    Gry_filt                                 0x20000910   Data          12  imu.o(.bss)
    Acc_filtold                              0x2000091c   Data          12  imu.o(.bss)
    accb                                     0x20000928   Data          12  imu.o(.bss)
    DCMgb                                    0x20000934   Data          36  imu.o(.bss)
    PID_ROL_Angle                            0x20000958   Data          60  control.o(.bss)
    PID_PIT_Angle                            0x20000994   Data          60  control.o(.bss)
    PID_YAW_Angle                            0x200009d0   Data          60  control.o(.bss)
    PID_ROL_Rate                             0x20000a0c   Data          60  control.o(.bss)
    PID_PIT_Rate                             0x20000a48   Data          60  control.o(.bss)
    PID_YAW_Rate                             0x20000a84   Data          60  control.o(.bss)
    PID_ALT_Rate                             0x20000ac0   Data          60  control.o(.bss)
    PID_ALT                                  0x20000afc   Data          60  control.o(.bss)
    Measure_Angle                            0x20000b38   Data          12  control.o(.bss)
    Target_Angle                             0x20000b44   Data          12  control.o(.bss)
    PIDflash                                 0x20000b50   Data          62  paramsave.o(.bss)
    nav                                      0x20000b90   Data          36  altitude.o(.bss)
    z_est                                    0x20000bb4   Data          12  altitude.o(.bss)
    corr_acc                                 0x20000bc0   Data          12  altitude.o(.bss)
    acc_bias                                 0x20000bcc   Data          12  altitude.o(.bss)
    f                                        0x20000bd8   Data          10  ano_dt.o(.bss)
    data_to_send                             0x20000be2   Data          50  ano_dt.o(.bss)
    __initial_sp                             0x20001048   Data           0  startup_stm32f411xe.o(STACK)



==============================================================================

Memory Map of the image

  Image Entry point : 0x08000199

  Load Region LR_IROM1 (Base: 0x08000000, Size: 0x00008d00, Max: 0x00080000, ABSOLUTE, COMPRESSED[0x00008a50])

    Execution Region ER_IROM1 (Exec base: 0x08000000, Load base: 0x08000000, Size: 0x000089d8, Max: 0x00080000, ABSOLUTE)

    Exec Addr    Load Addr    Size         Type   Attr      Idx    E Section Name        Object

    0x08000000   0x08000000   0x00000198   Data   RO         5881    RESET               startup_stm32f411xe.o
    0x08000198   0x08000198   0x00000000   Code   RO         5982  * .ARM.Collect$$$$00000000  mc_w.l(entry.o)
    0x08000198   0x08000198   0x00000004   Code   RO         6354    .ARM.Collect$$$$00000001  mc_w.l(entry2.o)
    0x0800019c   0x0800019c   0x00000004   Code   RO         6357    .ARM.Collect$$$$00000004  mc_w.l(entry5.o)
    0x080001a0   0x080001a0   0x00000000   Code   RO         6359    .ARM.Collect$$$$00000008  mc_w.l(entry7b.o)
    0x080001a0   0x080001a0   0x00000000   Code   RO         6361    .ARM.Collect$$$$0000000A  mc_w.l(entry8b.o)
    0x080001a0   0x080001a0   0x00000008   Code   RO         6362    .ARM.Collect$$$$0000000B  mc_w.l(entry9a.o)
    0x080001a8   0x080001a8   0x00000000   Code   RO         6364    .ARM.Collect$$$$0000000D  mc_w.l(entry10a.o)
    0x080001a8   0x080001a8   0x00000000   Code   RO         6366    .ARM.Collect$$$$0000000F  mc_w.l(entry11a.o)
    0x080001a8   0x080001a8   0x00000004   Code   RO         6355    .ARM.Collect$$$$00002712  mc_w.l(entry2.o)
    0x080001ac   0x080001ac   0x00000024   Code   RO         5882    .text               startup_stm32f411xe.o
    0x080001d0   0x080001d0   0x00000024   Code   RO         5985    .text               mc_w.l(rand.o)
    0x080001f4   0x080001f4   0x00000024   Code   RO         5988    .text               mc_w.l(memcpya.o)
    0x08000218   0x08000218   0x0000014e   Code   RO         6253    .text               mf_w.l(dadd.o)
    0x08000366   0x08000366   0x000000e4   Code   RO         6255    .text               mf_w.l(dmul.o)
    0x0800044a   0x0800044a   0x000000de   Code   RO         6257    .text               mf_w.l(ddiv.o)
    0x08000528   0x08000528   0x00000022   Code   RO         6263    .text               mf_w.l(dflti.o)
    0x0800054a   0x0800054a   0x00000032   Code   RO         6269    .text               mf_w.l(dfixui.o)
    0x0800057c   0x0800057c   0x00000026   Code   RO         6271    .text               mf_w.l(f2d.o)
    0x080005a2   0x080005a2   0x00000002   PAD
    0x080005a4   0x080005a4   0x00000030   Code   RO         6273    .text               mf_w.l(cdcmple.o)
    0x080005d4   0x080005d4   0x00000038   Code   RO         6277    .text               mf_w.l(d2f.o)
    0x0800060c   0x0800060c   0x00000062   Code   RO         6371    .text               mc_w.l(uldiv.o)
    0x0800066e   0x0800066e   0x0000001e   Code   RO         6373    .text               mc_w.l(llshl.o)
    0x0800068c   0x0800068c   0x00000020   Code   RO         6375    .text               mc_w.l(llushr.o)
    0x080006ac   0x080006ac   0x00000024   Code   RO         6377    .text               mc_w.l(llsshr.o)
    0x080006d0   0x080006d0   0x00000000   Code   RO         6386    .text               mc_w.l(iusefp.o)
    0x080006d0   0x080006d0   0x0000006e   Code   RO         6387    .text               mf_w.l(fepilogue.o)
    0x0800073e   0x0800073e   0x000000ba   Code   RO         6389    .text               mf_w.l(depilogue.o)
    0x080007f8   0x080007f8   0x00000004   Code   RO         6393    .text               mf_w.l(fpstat.o)
    0x080007fc   0x080007fc   0x00000024   Code   RO         6395    .text               mc_w.l(init.o)
    0x08000820   0x08000820   0x000000a2   Code   RO         6397    .text               mf_w.l(dsqrt.o)
    0x080008c2   0x080008c2   0x00000056   Code   RO         6409    .text               mc_w.l(__dczerorl2.o)
    0x08000918   0x08000918   0x0000003e   Code   RO          538    i.ACC_Offset_LED    led.o
    0x08000956   0x08000956   0x00000016   Code   RO         2262    i.ADC_Cmd           stm32f4xx_adc.o
    0x0800096c   0x0800096c   0x00000030   Code   RO         2263    i.ADC_CommonInit    stm32f4xx_adc.o
    0x0800099c   0x0800099c   0x00000008   Code   RO         2274    i.ADC_GetConversionValue  stm32f4xx_adc.o
    0x080009a4   0x080009a4   0x00000012   Code   RO         2275    i.ADC_GetFlagStatus  stm32f4xx_adc.o
    0x080009b6   0x080009b6   0x00000002   PAD
    0x080009b8   0x080009b8   0x00000054   Code   RO         2282    i.ADC_Init          stm32f4xx_adc.o
    0x08000a0c   0x08000a0c   0x000000b8   Code   RO         2287    i.ADC_RegularChannelConfig  stm32f4xx_adc.o
    0x08000ac4   0x08000ac4   0x0000000a   Code   RO         2289    i.ADC_SoftwareStartConv  stm32f4xx_adc.o
    0x08000ace   0x08000ace   0x00000002   PAD
    0x08000ad0   0x08000ad0   0x00000404   Code   RO         1987    i.ANO_DT_Data_Exchange  ano_dt.o
    0x08000ed4   0x08000ed4   0x000005c8   Code   RO         1988    i.ANO_DT_Data_Receive_Anl  ano_dt.o
    0x0800149c   0x0800149c   0x000000e8   Code   RO         1989    i.ANO_DT_Data_Receive_Prepare  ano_dt.o
    0x08001584   0x08001584   0x00000048   Code   RO         1990    i.ANO_DT_Send_Check  ano_dt.o
    0x080015cc   0x080015cc   0x00000010   Code   RO         1991    i.ANO_DT_Send_Data  ano_dt.o
    0x080015dc   0x080015dc   0x0000023c   Code   RO         1993    i.ANO_DT_Send_PID   ano_dt.o
    0x08001818   0x08001818   0x00000094   Code   RO         1994    i.ANO_DT_Send_Power  ano_dt.o
    0x080018ac   0x080018ac   0x0000017c   Code   RO         1996    i.ANO_DT_Send_Senser  ano_dt.o
    0x08001a28   0x08001a28   0x00000158   Code   RO         1997    i.ANO_DT_Send_Status  ano_dt.o
    0x08001b80   0x08001b80   0x0000008c   Code   RO         1643    i.Aver_Filter       filter.o
    0x08001c0c   0x08001c0c   0x00000030   Code   RO          540    i.BATT_Alarm_LED    led.o
    0x08001c3c   0x08001c3c   0x00000060   Code   RO         1267    i.BATT_GetVoltage   power.o
    0x08001c9c   0x08001c9c   0x000000d0   Code   RO         1268    i.BATT_Init         power.o
    0x08001d6c   0x08001d6c   0x00000004   Code   RO          205    i.BusFault_Handler  stm32f4xx_it.o
    0x08001d70   0x08001d70   0x000000e8   Code   RO         2087    i.Button_command    remotedata.o
    0x08001e58   0x08001e58   0x00000318   Code   RO         1773    i.Control           control.o
    0x08002170   0x08002170   0x00000290   Code   RO         1999    i.Data_Send_Filter  ano_dt.o
    0x08002400   0x08002400   0x00000002   Code   RO          206    i.DebugMon_Handler  stm32f4xx_it.o
    0x08002402   0x08002402   0x00000002   PAD
    0x08002404   0x08002404   0x00000080   Code   RO         1823    i.DefaultParams     paramsave.o
    0x08002484   0x08002484   0x0000003c   Code   RO         1824    i.DefaultParams_WriteFlash  paramsave.o
    0x080024c0   0x080024c0   0x00000044   Code   RO          341    i.Delay_Init        delay.o
    0x08002504   0x08002504   0x00000084   Code   RO          738    i.EXTI2_IRQHandler  nrf2401.o
    0x08002588   0x08002588   0x0000000c   Code   RO         2890    i.EXTI_ClearITPendingBit  stm32f4xx_exti.o
    0x08002594   0x08002594   0x00000024   Code   RO         2891    i.EXTI_DeInit       stm32f4xx_exti.o
    0x080025b8   0x080025b8   0x00000030   Code   RO          408    i.EXTI_GPIOConfig   exit.o
    0x080025e8   0x080025e8   0x00000018   Code   RO         2894    i.EXTI_GetITStatus  stm32f4xx_exti.o
    0x08002600   0x08002600   0x00000094   Code   RO         2895    i.EXTI_Init         stm32f4xx_exti.o
    0x08002694   0x08002694   0x00000040   Code   RO          409    i.Exti_Init         exit.o
    0x080026d4   0x080026d4   0x00000024   Code   RO         2959    i.FLASH_DataCacheCmd  stm32f4xx_flash.o
    0x080026f8   0x080026f8   0x00000088   Code   RO         2964    i.FLASH_EraseSector  stm32f4xx_flash.o
    0x08002780   0x08002780   0x00000054   Code   RO         2966    i.FLASH_GetStatus   stm32f4xx_flash.o
    0x080027d4   0x080027d4   0x00000014   Code   RO         2970    i.FLASH_Lock        stm32f4xx_flash.o
    0x080027e8   0x080027e8   0x00000050   Code   RO         2994    i.FLASH_ProgramWord  stm32f4xx_flash.o
    0x08002838   0x08002838   0x00000024   Code   RO         2996    i.FLASH_Unlock      stm32f4xx_flash.o
    0x0800285c   0x0800285c   0x00000022   Code   RO         2997    i.FLASH_WaitForLastOperation  stm32f4xx_flash.o
    0x0800287e   0x0800287e   0x00000078   Code   RO         1647    i.FindPos           filter.o
    0x080028f6   0x080028f6   0x00000090   Code   RO         3241    i.GPIO_Init         stm32f4xx_gpio.o
    0x08002986   0x08002986   0x00000046   Code   RO         3242    i.GPIO_PinAFConfig  stm32f4xx_gpio.o
    0x080029cc   0x080029cc   0x00000004   Code   RO         3248    i.GPIO_ResetBits    stm32f4xx_gpio.o
    0x080029d0   0x080029d0   0x00000004   Code   RO         3249    i.GPIO_SetBits      stm32f4xx_gpio.o
    0x080029d4   0x080029d4   0x0000003e   Code   RO          541    i.GYRO_Offset_LED   led.o
    0x08002a12   0x08002a12   0x00000002   PAD
    0x08002a14   0x08002a14   0x00000030   Code   RO         1269    i.Get_BatteryAdc    power.o
    0x08002a44   0x08002a44   0x00000004   Code   RO          207    i.HardFault_Handler  stm32f4xx_it.o
    0x08002a48   0x08002a48   0x000000f0   Code   RO          438    i.IIC_Ack           iic_moni.o
    0x08002b38   0x08002b38   0x00000070   Code   RO          440    i.IIC_Init          iic_moni.o
    0x08002ba8   0x08002ba8   0x000000f4   Code   RO          441    i.IIC_NAck          iic_moni.o
    0x08002c9c   0x08002c9c   0x00000108   Code   RO          442    i.IIC_ReadByte      iic_moni.o
    0x08002da4   0x08002da4   0x00000054   Code   RO          443    i.IIC_ReadByteFromSlave  iic_moni.o
    0x08002df8   0x08002df8   0x0000007c   Code   RO          444    i.IIC_ReadMultByteFromSlave  iic_moni.o
    0x08002e74   0x08002e74   0x00000124   Code   RO          445    i.IIC_SendByte      iic_moni.o
    0x08002f98   0x08002f98   0x000000f0   Code   RO          446    i.IIC_Start         iic_moni.o
    0x08003088   0x08003088   0x000000e8   Code   RO          447    i.IIC_Stop          iic_moni.o
    0x08003170   0x08003170   0x00000108   Code   RO          448    i.IIC_WaitAck       iic_moni.o
    0x08003278   0x08003278   0x0000004c   Code   RO          449    i.IIC_WriteByteToSlave  iic_moni.o
    0x080032c4   0x080032c4   0x00000558   Code   RO         1729    i.IMUupdate         imu.o
    0x0800381c   0x0800381c   0x00000068   Code   RO          542    i.LED_Init          led.o
    0x08003884   0x08003884   0x00000034   Code   RO          543    i.LED_Run           led.o
    0x080038b8   0x080038b8   0x00000026   Code   RO          544    i.LED_Set_Byte      led.o
    0x080038de   0x080038de   0x00000002   PAD
    0x080038e0   0x080038e0   0x000000b0   Code   RO         1270    i.LowVoltage_Alarm  power.o
    0x08003990   0x08003990   0x000000b8   Code   RO         1334    i.MOTOR_Init        motor.o
    0x08003a48   0x08003a48   0x00000034   Code   RO         1098    i.MPU9250_Check     mpu9250.o
    0x08003a7c   0x08003a7c   0x00000056   Code   RO         1100    i.MPU9250_Init      mpu9250.o
    0x08003ad2   0x08003ad2   0x00000002   PAD
    0x08003ad4   0x08003ad4   0x000000c0   Code   RO         1101    i.MPU9250_OffSet    mpu9250.o
    0x08003b94   0x08003b94   0x0000012c   Code   RO         1102    i.MPU9250_Offset    mpu9250.o
    0x08003cc0   0x08003cc0   0x00000014   Code   RO         1103    i.MPU9250_Read      mpu9250.o
    0x08003cd4   0x08003cd4   0x0000001a   Code   RO         1104    i.MPU9250_ReadByte  mpu9250.o
    0x08003cee   0x08003cee   0x0000001e   Code   RO         1105    i.MPU9250_ReadMultBytes  mpu9250.o
    0x08003d0c   0x08003d0c   0x0000001a   Code   RO         1107    i.MPU9250_WriteByte  mpu9250.o
    0x08003d26   0x08003d26   0x00000010   Code   RO         1109    i.MPU9250_getDeviceID  mpu9250.o
    0x08003d36   0x08003d36   0x00000012   Code   RO         1110    i.MPU9250_testConnection  mpu9250.o
    0x08003d48   0x08003d48   0x00000004   Code   RO          208    i.MemManage_Handler  stm32f4xx_it.o
    0x08003d4c   0x08003d4c   0x00000058   Code   RO         1335    i.Moto_Pwm          motor.o
    0x08003da4   0x08003da4   0x00000002   Code   RO          209    i.NMI_Handler       stm32f4xx_it.o
    0x08003da6   0x08003da6   0x00000002   PAD
    0x08003da8   0x08003da8   0x00000034   Code   RO          739    i.NRF24L01_Check    nrf2401.o
    0x08003ddc   0x08003ddc   0x00000084   Code   RO          740    i.NRF24L01_Config   nrf2401.o
    0x08003e60   0x08003e60   0x0000004c   Code   RO          741    i.NRF24L01_Read_Buf  nrf2401.o
    0x08003eac   0x08003eac   0x00000034   Code   RO          742    i.NRF24L01_RxPacket  nrf2401.o
    0x08003ee0   0x08003ee0   0x0000005c   Code   RO          743    i.NRF24L01_TxPacket  nrf2401.o
    0x08003f3c   0x08003f3c   0x0000004c   Code   RO          744    i.NRF24L01_Write_Buf  nrf2401.o
    0x08003f88   0x08003f88   0x0000004c   Code   RO          745    i.NRF24L01_testConnection  nrf2401.o
    0x08003fd4   0x08003fd4   0x00000080   Code   RO          746    i.NRF24l01_Init     nrf2401.o
    0x08004054   0x08004054   0x00000038   Code   RO          747    i.NRF24l01_read_reg  nrf2401.o
    0x0800408c   0x0800408c   0x00000038   Code   RO          748    i.NRF24l01_write_reg  nrf2401.o
    0x080040c4   0x080040c4   0x0000005c   Code   RO          749    i.NRF_GetAddr       nrf2401.o
    0x08004120   0x08004120   0x00000054   Code   RO         2088    i.NRF_SingalCheck   remotedata.o
    0x08004174   0x08004174   0x00000068   Code   RO          751    i.NRFset_Mode       nrf2401.o
    0x080041dc   0x080041dc   0x00000078   Code   RO         2148    i.NVIC_Init         misc.o
    0x08004254   0x08004254   0x00000014   Code   RO         2149    i.NVIC_PriorityGroupConfig  misc.o
    0x08004268   0x08004268   0x0000007c   Code   RO          854    i.NVIV_Config       nvicconfig.o
    0x080042e4   0x080042e4   0x0000001e   Code   RO          545    i.OneNET_LED        led.o
    0x08004302   0x08004302   0x00000002   PAD
    0x08004304   0x08004304   0x00000024   Code   RO         1272    i.OpenMV_Switch     power.o
    0x08004328   0x08004328   0x0000011c   Code   RO         1896    i.PID_Postion_Cal   pid.o
    0x08004444   0x08004444   0x00000094   Code   RO         1826    i.PID_ReadFlash     paramsave.o
    0x080044d8   0x080044d8   0x0000003c   Code   RO         1827    i.PID_WriteFlash    paramsave.o
    0x08004514   0x08004514   0x000002a4   Code   RO         1829    i.ParamsToTable     paramsave.o
    0x080047b8   0x080047b8   0x00000002   Code   RO          210    i.PendSV_Handler    stm32f4xx_it.o
    0x080047ba   0x080047ba   0x00000002   PAD
    0x080047bc   0x080047bc   0x00000118   Code   RO         1897    i.PidParameter_init  pid.o
    0x080048d4   0x080048d4   0x000001cc   Code   RO         1730    i.Prepare_Data      imu.o
    0x08004aa0   0x08004aa0   0x00000034   Code   RO         1649    i.QuiteSort         filter.o
    0x08004ad4   0x08004ad4   0x00000020   Code   RO         3756    i.RCC_AHB1PeriphClockCmd  stm32f4xx_rcc.o
    0x08004af4   0x08004af4   0x00000020   Code   RO         3762    i.RCC_APB1PeriphClockCmd  stm32f4xx_rcc.o
    0x08004b14   0x08004b14   0x00000020   Code   RO         3764    i.RCC_APB1PeriphResetCmd  stm32f4xx_rcc.o
    0x08004b34   0x08004b34   0x00000020   Code   RO         3765    i.RCC_APB2PeriphClockCmd  stm32f4xx_rcc.o
    0x08004b54   0x08004b54   0x00000020   Code   RO         3767    i.RCC_APB2PeriphResetCmd  stm32f4xx_rcc.o
    0x08004b74   0x08004b74   0x000000e8   Code   RO         3774    i.RCC_GetClocksFreq  stm32f4xx_rcc.o
    0x08004c5c   0x08004c5c   0x0000001a   Code   RO          546    i.RGB_LED_Blue      led.o
    0x08004c76   0x08004c76   0x0000001c   Code   RO          547    i.RGB_LED_Colour_Set  led.o
    0x08004c92   0x08004c92   0x0000001a   Code   RO          548    i.RGB_LED_Cyan      led.o
    0x08004cac   0x08004cac   0x0000002a   Code   RO          549    i.RGB_LED_FLY       led.o
    0x08004cd6   0x08004cd6   0x0000001a   Code   RO          550    i.RGB_LED_Off       led.o
    0x08004cf0   0x08004cf0   0x0000001a   Code   RO          553    i.RGB_LED_Red       led.o
    0x08004d0a   0x08004d0a   0x00000002   PAD
    0x08004d0c   0x08004d0c   0x000000b4   Code   RO          554    i.RGB_LED_Runing    led.o
    0x08004dc0   0x08004dc0   0x0000001a   Code   RO          558    i.RGB_LED_green     led.o
    0x08004dda   0x08004dda   0x00000002   PAD
    0x08004ddc   0x08004ddc   0x00000094   Code   RO         2089    i.Remote_Data_ReceiveAnalysis  remotedata.o
    0x08004e70   0x08004e70   0x00000034   Code   RO          561    i.RunTimer_Test     led.o
    0x08004ea4   0x08004ea4   0x00000034   Code   RO          562    i.RunTimer_Test2    led.o
    0x08004ed8   0x08004ed8   0x000000cc   Code   RO          878    i.SPI2_Init         spi.o
    0x08004fa4   0x08004fa4   0x00000038   Code   RO          880    i.SPI2_WriteReadByte  spi.o
    0x08004fdc   0x08004fdc   0x00000018   Code   RO         4827    i.SPI_Cmd           stm32f4xx_spi.o
    0x08004ff4   0x08004ff4   0x00000012   Code   RO         4835    i.SPI_I2S_GetFlagStatus  stm32f4xx_spi.o
    0x08005006   0x08005006   0x00000006   Code   RO         4838    i.SPI_I2S_ReceiveData  stm32f4xx_spi.o
    0x0800500c   0x0800500c   0x00000004   Code   RO         4839    i.SPI_I2S_SendData  stm32f4xx_spi.o
    0x08005010   0x08005010   0x0000003c   Code   RO         4840    i.SPI_Init          stm32f4xx_spi.o
    0x0800504c   0x0800504c   0x00000068   Code   RO         1225    i.STMFLASH_GetFlashSector  flash.o
    0x080050b4   0x080050b4   0x00000020   Code   RO         1226    i.STMFLASH_Read     flash.o
    0x080050d4   0x080050d4   0x00000006   Code   RO         1227    i.STMFLASH_ReadWord  flash.o
    0x080050da   0x080050da   0x00000002   PAD
    0x080050dc   0x080050dc   0x00000098   Code   RO         1228    i.STMFLASH_Write    flash.o
    0x08005174   0x08005174   0x00000002   Code   RO          211    i.SVC_Handler       stm32f4xx_it.o
    0x08005176   0x08005176   0x00000002   PAD
    0x08005178   0x08005178   0x00000040   Code   RO         4995    i.SYSCFG_EXTILineConfig  stm32f4xx_syscfg.o
    0x080051b8   0x080051b8   0x0000012c   Code   RO         2090    i.SendToRemote      remotedata.o
    0x080052e4   0x080052e4   0x000000e8   Code   RO          300    i.SetSysClock       system_stm32f4xx.o
    0x080053cc   0x080053cc   0x00000154   Code   RO         1652    i.SortAver_FilterXYZ  filter.o
    0x08005520   0x08005520   0x00000028   Code   RO         2152    i.SysTick_CLKSourceConfig  misc.o
    0x08005548   0x08005548   0x00000068   Code   RO          302    i.SystemInit        system_stm32f4xx.o
    0x080055b0   0x080055b0   0x00000074   Code   RO         1336    i.TIM3_GpioConfig   motor.o
    0x08005624   0x08005624   0x00000108   Code   RO          212    i.TIM4_IRQHandler   stm32f4xx_it.o
    0x0800572c   0x0800572c   0x00000040   Code   RO          914    i.TIM4_Init         timer.o
    0x0800576c   0x0800576c   0x00000018   Code   RO         5056    i.TIM_ARRPreloadConfig  stm32f4xx_tim.o
    0x08005784   0x08005784   0x00000006   Code   RO         5063    i.TIM_ClearITPendingBit  stm32f4xx_tim.o
    0x0800578a   0x0800578a   0x00000018   Code   RO         5068    i.TIM_Cmd           stm32f4xx_tim.o
    0x080057a2   0x080057a2   0x00000022   Code   RO         5089    i.TIM_GetITStatus   stm32f4xx_tim.o
    0x080057c4   0x080057c4   0x00000012   Code   RO         5093    i.TIM_ITConfig      stm32f4xx_tim.o
    0x080057d6   0x080057d6   0x00000002   PAD
    0x080057d8   0x080057d8   0x0000007c   Code   RO         5097    i.TIM_OC1Init       stm32f4xx_tim.o
    0x08005854   0x08005854   0x00000012   Code   RO         5100    i.TIM_OC1PreloadConfig  stm32f4xx_tim.o
    0x08005866   0x08005866   0x00000002   PAD
    0x08005868   0x08005868   0x000000a4   Code   RO         5102    i.TIM_OC2Init       stm32f4xx_tim.o
    0x0800590c   0x0800590c   0x0000001a   Code   RO         5105    i.TIM_OC2PreloadConfig  stm32f4xx_tim.o
    0x08005926   0x08005926   0x00000002   PAD
    0x08005928   0x08005928   0x000000a0   Code   RO         5107    i.TIM_OC3Init       stm32f4xx_tim.o
    0x080059c8   0x080059c8   0x00000012   Code   RO         5110    i.TIM_OC3PreloadConfig  stm32f4xx_tim.o
    0x080059da   0x080059da   0x00000002   PAD
    0x080059dc   0x080059dc   0x00000078   Code   RO         5112    i.TIM_OC4Init       stm32f4xx_tim.o
    0x08005a54   0x08005a54   0x0000001a   Code   RO         5114    i.TIM_OC4PreloadConfig  stm32f4xx_tim.o
    0x08005a6e   0x08005a6e   0x00000002   PAD
    0x08005a70   0x08005a70   0x00000084   Code   RO         5140    i.TIM_TimeBaseInit  stm32f4xx_tim.o
    0x08005af4   0x08005af4   0x000002e4   Code   RO         1830    i.TableToParams     paramsave.o
    0x08005dd8   0x08005dd8   0x00000064   Code   RO          213    i.USART1_IRQHandler  stm32f4xx_it.o
    0x08005e3c   0x08005e3c   0x00000078   Code   RO          214    i.USART2_IRQHandler  stm32f4xx_it.o
    0x08005eb4   0x08005eb4   0x0000001e   Code   RO         5622    i.USART_ClearITPendingBit  stm32f4xx_usart.o
    0x08005ed2   0x08005ed2   0x00000018   Code   RO         5625    i.USART_Cmd         stm32f4xx_usart.o
    0x08005eea   0x08005eea   0x00000002   PAD
    0x08005eec   0x08005eec   0x000000f0   Code   RO         5627    i.USART_DeInit      stm32f4xx_usart.o
    0x08005fdc   0x08005fdc   0x0000001a   Code   RO         5628    i.USART_GetFlagStatus  stm32f4xx_usart.o
    0x08005ff6   0x08005ff6   0x00000054   Code   RO         5629    i.USART_GetITStatus  stm32f4xx_usart.o
    0x0800604a   0x0800604a   0x0000004a   Code   RO         5631    i.USART_ITConfig    stm32f4xx_usart.o
    0x08006094   0x08006094   0x000000d4   Code   RO         5632    i.USART_Init        stm32f4xx_usart.o
    0x08006168   0x08006168   0x00000008   Code   RO         5642    i.USART_SendData    stm32f4xx_usart.o
    0x08006170   0x08006170   0x00000020   Code   RO         2091    i.UnControl_Land    remotedata.o
    0x08006190   0x08006190   0x00000004   Code   RO          215    i.UsageFault_Handler  stm32f4xx_it.o
    0x08006194   0x08006194   0x000000b0   Code   RO          938    i.Usart1_Init       usart.o
    0x08006244   0x08006244   0x000000ac   Code   RO          939    i.Usart2_Init       usart.o
    0x080062f0   0x080062f0   0x00000030   Code   RO          940    i.Usart_Send        usart.o
    0x08006320   0x08006320   0x00000120   Code   RO         2092    i.WiFi_Data_ReceiveAnalysis  remotedata.o
    0x08006440   0x08006440   0x000000ac   Code   RO          563    i.WiFi_OFFON_LED    led.o
    0x080064ec   0x080064ec   0x00000030   Code   RO         1273    i.WiFi_Switch       power.o
    0x0800651c   0x0800651c   0x00000044   Code   RO          564    i.Write0            led.o
    0x08006560   0x08006560   0x00000048   Code   RO          565    i.Write1            led.o
    0x080065a8   0x080065a8   0x0000009c   Code   RO         1775    i.Yaw_Carefree      control.o
    0x08006644   0x08006644   0x00000020   Code   RO         6125    i.__0printf$5       mc_w.l(printf5.o)
    0x08006664   0x08006664   0x00000030   Code   RO         6307    i.__ARM_fpclassify  m_wm.l(fpclassify.o)
    0x08006694   0x08006694   0x00000026   Code   RO         6309    i.__ARM_fpclassifyf  m_wm.l(fpclassifyf.o)
    0x080066ba   0x080066ba   0x00000006   PAD
    0x080066c0   0x080066c0   0x00000360   Code   RO         5886    i.__hardfp_asin     m_wm.l(asin.o)
    0x08006a20   0x08006a20   0x000002d8   Code   RO         6279    i.__hardfp_atan     m_wm.l(atan.o)
    0x08006cf8   0x08006cf8   0x000001f0   Code   RO         5900    i.__hardfp_atan2    m_wm.l(atan2.o)
    0x08006ee8   0x08006ee8   0x00000150   Code   RO         5912    i.__hardfp_cosf     m_wm.l(cosf.o)
    0x08007038   0x08007038   0x00000014   Code   RO         5924    i.__hardfp_fabs     m_wm.l(fabs.o)
    0x0800704c   0x0800704c   0x00000004   PAD
    0x08007050   0x08007050   0x000003c4   Code   RO         5930    i.__hardfp_log      m_wm.l(log.o)
    0x08007414   0x08007414   0x00000664   Code   RO         5944    i.__hardfp_powf     m_wm.l(powf.o)
    0x08007a78   0x08007a78   0x00000190   Code   RO         5958    i.__hardfp_sinf     m_wm.l(sinf.o)
    0x08007c08   0x08007c08   0x000000f8   Code   RO         6325    i.__kernel_poly     m_wm.l(poly.o)
    0x08007d00   0x08007d00   0x00000030   Code   RO         6293    i.__mathlib_dbl_divzero  m_wm.l(dunder.o)
    0x08007d30   0x08007d30   0x00000014   Code   RO         6294    i.__mathlib_dbl_infnan  m_wm.l(dunder.o)
    0x08007d44   0x08007d44   0x00000014   Code   RO         6295    i.__mathlib_dbl_infnan2  m_wm.l(dunder.o)
    0x08007d58   0x08007d58   0x00000020   Code   RO         6296    i.__mathlib_dbl_invalid  m_wm.l(dunder.o)
    0x08007d78   0x08007d78   0x00000020   Code   RO         6299    i.__mathlib_dbl_underflow  m_wm.l(dunder.o)
    0x08007d98   0x08007d98   0x00000014   Code   RO         6311    i.__mathlib_flt_divzero  m_wm.l(funder.o)
    0x08007dac   0x08007dac   0x00000006   Code   RO         6312    i.__mathlib_flt_infnan  m_wm.l(funder.o)
    0x08007db2   0x08007db2   0x00000006   Code   RO         6313    i.__mathlib_flt_infnan2  m_wm.l(funder.o)
    0x08007db8   0x08007db8   0x00000010   Code   RO         6314    i.__mathlib_flt_invalid  m_wm.l(funder.o)
    0x08007dc8   0x08007dc8   0x00000010   Code   RO         6315    i.__mathlib_flt_overflow  m_wm.l(funder.o)
    0x08007dd8   0x08007dd8   0x00000010   Code   RO         6317    i.__mathlib_flt_underflow  m_wm.l(funder.o)
    0x08007de8   0x08007de8   0x00000154   Code   RO         6333    i.__mathlib_rredf2  m_wm.l(rredf.o)
    0x08007f3c   0x08007f3c   0x0000000e   Code   RO         6403    i.__scatterload_copy  mc_w.l(handlers.o)
    0x08007f4a   0x08007f4a   0x00000002   Code   RO         6404    i.__scatterload_null  mc_w.l(handlers.o)
    0x08007f4c   0x08007f4c   0x0000000e   Code   RO         6405    i.__scatterload_zeroinit  mc_w.l(handlers.o)
    0x08007f5a   0x08007f5a   0x00000002   PAD
    0x08007f5c   0x08007f5c   0x0000000c   Code   RO         6381    i.__set_errno       mc_w.l(errno.o)
    0x08007f68   0x08007f68   0x000002c0   Code   RO         6132    i._printf_core      mc_w.l(printf5.o)
    0x08008228   0x08008228   0x00000074   Code   RO         1931    i.altitude_get      altitude.o
    0x0800829c   0x0800829c   0x00000010   Code   RO         6281    i.atan              m_wm.l(atan.o)
    0x080082ac   0x080082ac   0x00000048   Code   RO          343    i.delay_ms          delay.o
    0x080082f4   0x080082f4   0x00000048   Code   RO          344    i.delay_us          delay.o
    0x0800833c   0x0800833c   0x00000018   Code   RO         5926    i.fabs              m_wm.l(fabs.o)
    0x08008354   0x08008354   0x00000024   Code   RO          941    i.fputc             usart.o
    0x08008378   0x08008378   0x0000003c   Code   RO         1731    i.invSqrt           imu.o
    0x080083b4   0x080083b4   0x00000120   Code   RO            4    i.main              main.o
    0x080084d4   0x080084d4   0x00000034   Code   RO         1544    i.spl06_get_pressure_adc  spl06.o
    0x08008508   0x08008508   0x00000024   Code   RO         1546    i.spl06_get_temperature_adc  spl06.o
    0x0800852c   0x0800852c   0x0000001e   Code   RO         1548    i.spl06_read_buffer  spl06.o
    0x0800854a   0x0800854a   0x00000002   PAD
    0x0800854c   0x0800854c   0x00000034   Code   RO         1551    i.spl06_update      spl06.o
    0x08008580   0x08008580   0x0000011c   Code   RO         1552    i.spl06_update_pressure  spl06.o
    0x0800869c   0x0800869c   0x0000006e   Code   RO         6338    i.sqrt              m_wm.l(sqrt.o)
    0x0800870a   0x0800870a   0x00000002   PAD
    0x0800870c   0x0800870c   0x00000024   Data   RO         1733    .constdata          imu.o
    0x08008730   0x08008730   0x00000050   Data   RO         5889    .constdata          m_wm.l(asin.o)
    0x08008780   0x08008780   0x00000038   Data   RO         5933    .constdata          m_wm.l(log.o)
    0x080087b8   0x080087b8   0x00000140   Data   RO         5947    .constdata          m_wm.l(powf.o)
    0x080088f8   0x080088f8   0x00000098   Data   RO         6282    .constdata          m_wm.l(atan.o)
    0x08008990   0x08008990   0x00000008   Data   RO         6327    .constdata          m_wm.l(qnan.o)
    0x08008998   0x08008998   0x00000020   Data   RO         6334    .constdata          m_wm.l(rredf.o)
    0x080089b8   0x080089b8   0x00000020   Data   RO         6401    Region$$Table       anon$$obj.o


    Execution Region RW_IRAM1 (Exec base: 0x20000000, Load base: 0x080089d8, Size: 0x00001048, Max: 0x00018000, ABSOLUTE, COMPRESSED[0x00000078])

    Exec Addr    Load Addr    Size         Type   Attr      Idx    E Section Name        Object

    0x20000000   COMPRESSED   0x00000014   Data   RW          217    .data               stm32f4xx_it.o
    0x20000014   COMPRESSED   0x00000014   Data   RW          303    .data               system_stm32f4xx.o
    0x20000028   COMPRESSED   0x00000008   Data   RW          345    .data               delay.o
    0x20000030   COMPRESSED   0x000001cb   Data   RW          566    .data               led.o
    0x200001fb   COMPRESSED   0x0000000d   Data   RW          753    .data               nrf2401.o
    0x20000208   COMPRESSED   0x0000002a   Data   RW         1112    .data               mpu9250.o
    0x20000232   COMPRESSED   0x00000002   PAD
    0x20000234   COMPRESSED   0x00000017   Data   RW         1274    .data               power.o
    0x2000024b   COMPRESSED   0x00000001   PAD
    0x2000024c   COMPRESSED   0x00000030   Data   RW         1554    .data               spl06.o
    0x2000027c   COMPRESSED   0x0000000e   Data   RW         1655    .data               filter.o
    0x2000028a   COMPRESSED   0x00000002   PAD
    0x2000028c   COMPRESSED   0x00000021   Data   RW         1734    .data               imu.o
    0x200002ad   COMPRESSED   0x00000003   PAD
    0x200002b0   COMPRESSED   0x0000001c   Data   RW         1778    .data               control.o
    0x200002cc   COMPRESSED   0x00000028   Data   RW         1935    .data               altitude.o
    0x200002f4   COMPRESSED   0x00000009   Data   RW         2001    .data               ano_dt.o
    0x200002fd   COMPRESSED   0x00000001   PAD
    0x200002fe   COMPRESSED   0x0000000d   Data   RW         2093    .data               remotedata.o
    0x2000030b   COMPRESSED   0x00000010   Data   RW         3804    .data               stm32f4xx_rcc.o
    0x2000031b   COMPRESSED   0x00000001   PAD
    0x2000031c   COMPRESSED   0x00000004   Data   RW         5986    .data               mc_w.l(rand.o)
    0x20000320   COMPRESSED   0x00000004   Data   RW         6368    .data               mc_w.l(stdout.o)
    0x20000324   COMPRESSED   0x00000004   Data   RW         6382    .data               mc_w.l(errno.o)
    0x20000328        -       0x00000028   Zero   RW          216    .bss                stm32f4xx_it.o
    0x20000350        -       0x00000040   Zero   RW          752    .bss                nrf2401.o
    0x20000390        -       0x00000040   Zero   RW          997    .bss                fbm320.o
    0x200003d0        -       0x0000000e   Zero   RW         1111    .bss                mpu9250.o
    0x200003de   COMPRESSED   0x00000002   PAD
    0x200003e0        -       0x00000500   Zero   RW         1654    .bss                filter.o
    0x200008e0        -       0x00000078   Zero   RW         1732    .bss                imu.o
    0x20000958        -       0x000001f8   Zero   RW         1777    .bss                control.o
    0x20000b50        -       0x0000003e   Zero   RW         1831    .bss                paramsave.o
    0x20000b8e   COMPRESSED   0x00000002   PAD
    0x20000b90        -       0x00000048   Zero   RW         1934    .bss                altitude.o
    0x20000bd8        -       0x0000006e   Zero   RW         2000    .bss                ano_dt.o
    0x20000c46   COMPRESSED   0x00000002   PAD
    0x20000c48        -       0x00000400   Zero   RW         5879    STACK               startup_stm32f411xe.o


==============================================================================

Image component sizes


      Code (inc. data)   RO Data    RW Data    ZI Data      Debug   Object Name

       116         24          0         40         72       5996   altitude.o
      4928        260          0          9        110      11048   ano_dt.o
       948         82          0         28        504       7516   control.o
       212         30          0          8          0     226591   delay.o
       112          6          0          0          0       1158   exit.o
         0          0          0          0         64       4558   fbm320.o
       652         42          0         14       1280       8404   filter.o
       294         34          0          0          0       3299   flash.o
      2172        150          0          0          0       9006   iic_moni.o
      1888        118         36         33        120       8644   imu.o
      1192         92          0        459          0      13227   led.o
       288         50          0          0          0      55735   main.o
       180         24          0          0          0      19205   misc.o
       388         16          0          0          0       2106   motor.o
       766         76          0         42         14      11611   mpu9250.o
      1124        122          0         13         64      10425   nrf2401.o
       124          0          0          0          0        654   nvicconfig.o
      1812        182          0          0         62       8229   paramsave.o
       564         82          0          0          0       1738   pid.o
       612         68          0         23          0       8349   power.o
      1084        128          0         13          0       9069   remotedata.o
       260         14          0          0          0       1345   spi.o
       454         68          0         48          0       3810   spl06.o
        36          8        408          0       1024        876   startup_stm32f411xe.o
       374         24          0          0          0      19802   stm32f4xx_adc.o
       220         24          0          0          0       5278   stm32f4xx_exti.o
       426         40          0          0          0      13892   stm32f4xx_flash.o
       222          0          0          0          0       9291   stm32f4xx_gpio.o
       508         80          0         20         40       6891   stm32f4xx_it.o
       392         48          0         16          0      21461   stm32f4xx_rcc.o
       112          0          0          0          0      11982   stm32f4xx_spi.o
        64          4          0          0          0        696   stm32f4xx_syscfg.o
       894         66          0          0          0      30029   stm32f4xx_tim.o
       698         42          0          0          0      12698   stm32f4xx_usart.o
       336         32          0         20          0       1973   system_stm32f4xx.o
        64          4          0          0          0        584   timer.o
       432         28          0          0          0       7480   usart.o

    ----------------------------------------------------------------------
     24988       2068        476        796       3360     574656   Object Totals
         0          0         32          0          0          0   (incl. Generated)
        40          0          0         10          6          0   (incl. Padding)

    ----------------------------------------------------------------------

      Code (inc. data)   RO Data    RW Data    ZI Data      Debug   Library Member Name

       864         94         80          0          0        280   asin.o
       744        106        152          0          0        352   atan.o
       496         64          0          0          0        192   atan2.o
       336         56          0          0          0        136   cosf.o
       152         36          0          0          0        620   dunder.o
        44          0          0          0          0        248   fabs.o
        48          0          0          0          0        124   fpclassify.o
        38          0          0          0          0        116   fpclassifyf.o
        80         24          0          0          0        696   funder.o
       964         92         56          0          0        316   log.o
       248          0          0          0          0        152   poly.o
      1636        110        320          0          0        372   powf.o
         0          0          8          0          0          0   qnan.o
       340         24         32          0          0        160   rredf.o
       400         56          0          0          0        212   sinf.o
       110          0          0          0          0        148   sqrt.o
        86          0          0          0          0          0   __dczerorl2.o
         0          0          0          0          0          0   entry.o
         0          0          0          0          0          0   entry10a.o
         0          0          0          0          0          0   entry11a.o
         8          4          0          0          0          0   entry2.o
         4          0          0          0          0          0   entry5.o
         0          0          0          0          0          0   entry7b.o
         0          0          0          0          0          0   entry8b.o
         8          4          0          0          0          0   entry9a.o
        12          6          0          4          0         68   errno.o
        30          0          0          0          0          0   handlers.o
        36          8          0          0          0         68   init.o
         0          0          0          0          0          0   iusefp.o
        30          0          0          0          0         68   llshl.o
        36          0          0          0          0         68   llsshr.o
        32          0          0          0          0         68   llushr.o
        36          0          0          0          0         68   memcpya.o
       736         56          0          0          0        184   printf5.o
        36         10          0          4          0        136   rand.o
         0          0          0          4          0          0   stdout.o
        98          0          0          0          0         92   uldiv.o
        48          0          0          0          0         68   cdcmple.o
        56          0          0          0          0         88   d2f.o
       334          0          0          0          0        148   dadd.o
       222          0          0          0          0        100   ddiv.o
       186          0          0          0          0        176   depilogue.o
        50          0          0          0          0         76   dfixui.o
        34          0          0          0          0         76   dflti.o
       228          0          0          0          0         96   dmul.o
       162          0          0          0          0        100   dsqrt.o
        38          0          0          0          0         68   f2d.o
       110          0          0          0          0        168   fepilogue.o
         4          0          0          0          0         68   fpstat.o

    ----------------------------------------------------------------------
      9176        750        648         12          0       6176   Library Totals
        16          0          0          0          0          0   (incl. Padding)

    ----------------------------------------------------------------------

      Code (inc. data)   RO Data    RW Data    ZI Data      Debug   Library Name

      6500        662        648          0          0       4124   m_wm.l
      1188         88          0         12          0        820   mc_w.l
      1472          0          0          0          0       1232   mf_w.l

    ----------------------------------------------------------------------
      9176        750        648         12          0       6176   Library Totals

    ----------------------------------------------------------------------

==============================================================================


      Code (inc. data)   RO Data    RW Data    ZI Data      Debug   

     34164       2818       1124        808       3360     559376   Grand Totals
     34164       2818       1124        120       3360     559376   ELF Image Totals (compressed)
     34164       2818       1124        120          0          0   ROM Totals

==============================================================================

    Total RO  Size (Code + RO Data)                35288 (  34.46kB)
    Total RW  Size (RW Data + ZI Data)              4168 (   4.07kB)
    Total ROM Size (Code + RO Data + RW Data)      35408 (  34.58kB)

==============================================================================

